Archive member included to satisfy reference by file (symbol)

d:/mounriver_studio/toolchain/risc-v embedded gcc/bin/../lib/gcc/riscv-none-embed/8.2.0/../../../../riscv-none-embed/lib/rv32imafc/ilp32f\libm.a(lib_a-s_atan.o)
                              ./code/Image_Process.o (atan)
d:/mounriver_studio/toolchain/risc-v embedded gcc/bin/../lib/gcc/riscv-none-embed/8.2.0/../../../../riscv-none-embed/lib/rv32imafc/ilp32f\libm.a(lib_a-s_cos.o)
                              ./zf_device/zf_device_gnss.o (cos)
d:/mounriver_studio/toolchain/risc-v embedded gcc/bin/../lib/gcc/riscv-none-embed/8.2.0/../../../../riscv-none-embed/lib/rv32imafc/ilp32f\libm.a(lib_a-s_fabs.o)
                              d:/mounriver_studio/toolchain/risc-v embedded gcc/bin/../lib/gcc/riscv-none-embed/8.2.0/../../../../riscv-none-embed/lib/rv32imafc/ilp32f\libm.a(lib_a-s_atan.o) (fabs)
d:/mounriver_studio/toolchain/risc-v embedded gcc/bin/../lib/gcc/riscv-none-embed/8.2.0/../../../../riscv-none-embed/lib/rv32imafc/ilp32f\libm.a(lib_a-s_sin.o)
                              ./zf_device/zf_device_gnss.o (sin)
d:/mounriver_studio/toolchain/risc-v embedded gcc/bin/../lib/gcc/riscv-none-embed/8.2.0/../../../../riscv-none-embed/lib/rv32imafc/ilp32f\libm.a(lib_a-w_asin.o)
                              ./zf_device/zf_device_gnss.o (asin)
d:/mounriver_studio/toolchain/risc-v embedded gcc/bin/../lib/gcc/riscv-none-embed/8.2.0/../../../../riscv-none-embed/lib/rv32imafc/ilp32f\libm.a(lib_a-w_atan2.o)
                              ./zf_device/zf_device_gnss.o (atan2)
d:/mounriver_studio/toolchain/risc-v embedded gcc/bin/../lib/gcc/riscv-none-embed/8.2.0/../../../../riscv-none-embed/lib/rv32imafc/ilp32f\libm.a(lib_a-w_pow.o)
                              ./zf_device/zf_device_gnss.o (pow)
d:/mounriver_studio/toolchain/risc-v embedded gcc/bin/../lib/gcc/riscv-none-embed/8.2.0/../../../../riscv-none-embed/lib/rv32imafc/ilp32f\libm.a(lib_a-w_sqrt.o)
                              ./zf_device/zf_device_gnss.o (sqrt)
d:/mounriver_studio/toolchain/risc-v embedded gcc/bin/../lib/gcc/riscv-none-embed/8.2.0/../../../../riscv-none-embed/lib/rv32imafc/ilp32f\libm.a(lib_a-e_asin.o)
                              d:/mounriver_studio/toolchain/risc-v embedded gcc/bin/../lib/gcc/riscv-none-embed/8.2.0/../../../../riscv-none-embed/lib/rv32imafc/ilp32f\libm.a(lib_a-w_asin.o) (__ieee754_asin)
d:/mounriver_studio/toolchain/risc-v embedded gcc/bin/../lib/gcc/riscv-none-embed/8.2.0/../../../../riscv-none-embed/lib/rv32imafc/ilp32f\libm.a(lib_a-e_atan2.o)
                              d:/mounriver_studio/toolchain/risc-v embedded gcc/bin/../lib/gcc/riscv-none-embed/8.2.0/../../../../riscv-none-embed/lib/rv32imafc/ilp32f\libm.a(lib_a-w_atan2.o) (__ieee754_atan2)
d:/mounriver_studio/toolchain/risc-v embedded gcc/bin/../lib/gcc/riscv-none-embed/8.2.0/../../../../riscv-none-embed/lib/rv32imafc/ilp32f\libm.a(lib_a-e_pow.o)
                              d:/mounriver_studio/toolchain/risc-v embedded gcc/bin/../lib/gcc/riscv-none-embed/8.2.0/../../../../riscv-none-embed/lib/rv32imafc/ilp32f\libm.a(lib_a-w_pow.o) (__ieee754_pow)
d:/mounriver_studio/toolchain/risc-v embedded gcc/bin/../lib/gcc/riscv-none-embed/8.2.0/../../../../riscv-none-embed/lib/rv32imafc/ilp32f\libm.a(lib_a-e_rem_pio2.o)
                              d:/mounriver_studio/toolchain/risc-v embedded gcc/bin/../lib/gcc/riscv-none-embed/8.2.0/../../../../riscv-none-embed/lib/rv32imafc/ilp32f\libm.a(lib_a-s_cos.o) (__ieee754_rem_pio2)
d:/mounriver_studio/toolchain/risc-v embedded gcc/bin/../lib/gcc/riscv-none-embed/8.2.0/../../../../riscv-none-embed/lib/rv32imafc/ilp32f\libm.a(lib_a-e_sqrt.o)
                              d:/mounriver_studio/toolchain/risc-v embedded gcc/bin/../lib/gcc/riscv-none-embed/8.2.0/../../../../riscv-none-embed/lib/rv32imafc/ilp32f\libm.a(lib_a-w_sqrt.o) (__ieee754_sqrt)
d:/mounriver_studio/toolchain/risc-v embedded gcc/bin/../lib/gcc/riscv-none-embed/8.2.0/../../../../riscv-none-embed/lib/rv32imafc/ilp32f\libm.a(lib_a-k_cos.o)
                              d:/mounriver_studio/toolchain/risc-v embedded gcc/bin/../lib/gcc/riscv-none-embed/8.2.0/../../../../riscv-none-embed/lib/rv32imafc/ilp32f\libm.a(lib_a-s_cos.o) (__kernel_cos)
d:/mounriver_studio/toolchain/risc-v embedded gcc/bin/../lib/gcc/riscv-none-embed/8.2.0/../../../../riscv-none-embed/lib/rv32imafc/ilp32f\libm.a(lib_a-k_rem_pio2.o)
                              d:/mounriver_studio/toolchain/risc-v embedded gcc/bin/../lib/gcc/riscv-none-embed/8.2.0/../../../../riscv-none-embed/lib/rv32imafc/ilp32f\libm.a(lib_a-e_rem_pio2.o) (__kernel_rem_pio2)
d:/mounriver_studio/toolchain/risc-v embedded gcc/bin/../lib/gcc/riscv-none-embed/8.2.0/../../../../riscv-none-embed/lib/rv32imafc/ilp32f\libm.a(lib_a-k_sin.o)
                              d:/mounriver_studio/toolchain/risc-v embedded gcc/bin/../lib/gcc/riscv-none-embed/8.2.0/../../../../riscv-none-embed/lib/rv32imafc/ilp32f\libm.a(lib_a-s_cos.o) (__kernel_sin)
[...]
Memory Configuration

Name             Origin             Length             Attributes
RAM              0x0000000020000040 0x000000000000fc00 xrw
FLASH            0x0000000000000000 0x0000000000040000 xr
*default*        0x0000000000000000 0xffffffffffffffff

Linker script and memory map

LOAD ./zf_driver/zf_driver_adc.o
LOAD ./zf_driver/zf_driver_delay.o
LOAD ./zf_driver/zf_driver_dvp.o
LOAD ./zf_driver/zf_driver_encoder.o
LOAD ./zf_driver/zf_driver_exti.o
LOAD ./zf_driver/zf_driver_flash.o
LOAD ./zf_driver/zf_driver_gpio.o
LOAD ./zf_driver/zf_driver_iic.o
LOAD ./zf_driver/zf_driver_pit.o
LOAD ./zf_driver/zf_driver_pwm.o
LOAD ./zf_driver/zf_driver_soft_iic.o
LOAD ./zf_driver/zf_driver_soft_spi.o
LOAD ./zf_driver/zf_driver_spi.o
LOAD ./zf_driver/zf_driver_timer.o
LOAD ./zf_driver/zf_driver_uart.o
LOAD ./zf_driver/zf_driver_usb_cdc.o
LOAD ./zf_device/zf_device_absolute_encoder.o
LOAD ./zf_device/zf_device_aht20.o
LOAD ./zf_device/zf_device_bluetooth_ch9141.o
LOAD ./zf_device/zf_device_camera.o
LOAD ./zf_device/zf_device_dl1a.o
LOAD ./zf_device/zf_device_dl1b.o
LOAD ./zf_device/zf_device_dm1xa.o
LOAD ./zf_device/zf_device_gnss.o
LOAD ./zf_device/zf_device_icm20602.o
LOAD ./zf_device/zf_device_imu660ra.o
LOAD ./zf_device/zf_device_imu963ra.o
LOAD ./zf_device/zf_device_ips114.o
LOAD ./zf_device/zf_device_ips200.o
LOAD ./zf_device/zf_device_k24c02.o
LOAD ./zf_device/zf_device_key.o
LOAD ./zf_device/zf_device_mpu6050.o
LOAD ./zf_device/zf_device_mt9v03x_dvp.o
LOAD ./zf_device/zf_device_oled.o
LOAD ./zf_device/zf_device_scc8660_dvp.o
LOAD ./zf_device/zf_device_tft180.o
LOAD ./zf_device/zf_device_type.o
LOAD ./zf_device/zf_device_virtual_oscilloscope.o
LOAD ./zf_device/zf_device_w25q32.o
LOAD ./zf_device/zf_device_wifi_spi.o
LOAD ./zf_device/zf_device_wifi_uart.o
LOAD ./zf_device/zf_device_wireless_ch573.o
LOAD ./zf_device/zf_device_wireless_uart.o
LOAD ./zf_components/seekfree_assistant.o
LOAD ./zf_components/seekfree_assistant_interface.o
LOAD ./zf_common/zf_common_clock.o
LOAD ./zf_common/zf_common_debug.o
LOAD ./zf_common/zf_common_fifo.o
LOAD ./zf_common/zf_common_font.o
LOAD ./zf_common/zf_common_function.o
LOAD ./zf_common/zf_common_interrupt.o
LOAD ./user_c/isr.o
LOAD ./user_c/main.o
LOAD ./sdk/Startup/startup_ch32v30x_D8C.o
LOAD ./sdk/Peripheral/ch32v30x_adc.o
LOAD ./sdk/Peripheral/ch32v30x_bkp.o
LOAD ./sdk/Peripheral/ch32v30x_can.o
LOAD ./sdk/Peripheral/ch32v30x_crc.o
LOAD ./sdk/Peripheral/ch32v30x_dac.o
LOAD ./sdk/Peripheral/ch32v30x_dbgmcu.o
LOAD ./sdk/Peripheral/ch32v30x_dma.o
LOAD ./sdk/Peripheral/ch32v30x_dvp.o
LOAD ./sdk/Peripheral/ch32v30x_eth.o
LOAD ./sdk/Peripheral/ch32v30x_exti.o
LOAD ./sdk/Peripheral/ch32v30x_flash.o
LOAD ./sdk/Peripheral/ch32v30x_fsmc.o
LOAD ./sdk/Peripheral/ch32v30x_gpio.o
LOAD ./sdk/Peripheral/ch32v30x_i2c.o
LOAD ./sdk/Peripheral/ch32v30x_iwdg.o
LOAD ./sdk/Peripheral/ch32v30x_opa.o
LOAD ./sdk/Peripheral/ch32v30x_pwr.o
LOAD ./sdk/Peripheral/ch32v30x_rcc.o
LOAD ./sdk/Peripheral/ch32v30x_rng.o
LOAD ./sdk/Peripheral/ch32v30x_rtc.o
LOAD ./sdk/Peripheral/ch32v30x_sdio.o
LOAD ./sdk/Peripheral/ch32v30x_spi.o
LOAD ./sdk/Peripheral/ch32v30x_tim.o
LOAD ./sdk/Peripheral/ch32v30x_usart.o
LOAD ./sdk/Peripheral/ch32v30x_usbotg_device.o
LOAD ./sdk/Peripheral/ch32v30x_wwdg.o
LOAD ./sdk/Core/core_riscv.o
LOAD ./code/CUG_Init.o
LOAD ./code/Image_Elements.o
LOAD ./code/Image_Process.o
LOAD ./code/Menu.o
LOAD ./code/Speed_Judge.o
LOAD ./code/motor.o
LOAD ./code/pid_positional.o
LOAD d:/mounriver_studio/toolchain/risc-v embedded gcc/bin/../lib/gcc/riscv-none-embed/8.2.0/../../../../riscv-none-embed/lib/rv32imafc/ilp32f\libm.a
LOAD C:\Users\Joker\Desktop\Æøµæ´¬2024.6.9\libraries\zf_device\libzf_device_config.a
LOAD d:/mounriver_studio/toolchain/risc-v embedded gcc/bin/../lib/gcc/riscv-none-embed/8.2.0/rv32imafc/ilp32f\libgcc.a
LOAD d:/mounriver_studio/toolchain/risc-v embedded gcc/bin/../lib/gcc/riscv-none-embed/8.2.0/../../../../riscv-none-embed/lib/rv32imafc/ilp32f\libg_nano.a
LOAD d:/mounriver_studio/toolchain/risc-v embedded gcc/bin/../lib/gcc/riscv-none-embed/8.2.0/../../../../riscv-none-embed/lib/rv32imafc/ilp32f\libc_nano.a
LOAD d:/mounriver_studio/toolchain/risc-v embedded gcc/bin/../lib/gcc/riscv-none-embed/8.2.0/rv32imafc/ilp32f\libgcc.a
START GROUP
LOAD d:/mounriver_studio/toolchain/risc-v embedded gcc/bin/../lib/gcc/riscv-none-embed/8.2.0/rv32imafc/ilp32f\libgcc.a
LOAD d:/mounriver_studio/toolchain/risc-v embedded gcc/bin/../lib/gcc/riscv-none-embed/8.2.0/../../../../riscv-none-embed/lib/rv32imafc/ilp32f\libc_nano.a
LOAD d:/mounriver_studio/toolchain/risc-v embedded gcc/bin/../lib/gcc/riscv-none-embed/8.2.0/../../../../riscv-none-embed/lib/rv32imafc/ilp32f\libnosys.a
END GROUP
START GROUP
LOAD d:/mounriver_studio/toolchain/risc-v embedded gcc/bin/../lib/gcc/riscv-none-embed/8.2.0/rv32imafc/ilp32f\libgcc.a
LOAD d:/mounriver_studio/toolchain/risc-v embedded gcc/bin/../lib/gcc/riscv-none-embed/8.2.0/../../../../riscv-none-embed/lib/rv32imafc/ilp32f\libc_nano.a
LOAD d:/mounriver_studio/toolchain/risc-v embedded gcc/bin/../lib/gcc/riscv-none-embed/8.2.0/../../../../riscv-none-embed/lib/rv32imafc/ilp32f\libnosys.a
END GROUP
                0x0000000000000800                __stack_size = 0x800
                [!provide]                        PROVIDE (_stack_size = __stack_size)

.init           0x0000000000000000       0x38
                0x0000000000000000                _sinit = .
                0x0000000000000000                . = ALIGN (0x4)
 *(SORT_NONE(.init))
 .init          0x0000000000000000       0x38 ./sdk/Startup/startup_ch32v30x_D8C.o
                0x0000000000000000                _start
                0x0000000000000038                . = ALIGN (0x4)
                0x0000000000000038                _einit = .

.vector         0x0000000000000038      0x1c8
 *(.vector)
 .vector        0x0000000000000038      0x1a0 ./sdk/Startup/startup_ch32v30x_D8C.o
                0x0000000000000200                . = ALIGN (0x40)
 *fill*         0x00000000000001d8       0x28 

.text           0x0000000000000200    0x1c35c
                0x0000000000000200                . = ALIGN (0x4)
 *(.text)
 .text          0x0000000000000200       0xa8 d:/mounriver_studio/toolchain/risc-v embedded gcc/bin/../lib/gcc/riscv-none-embed/8.2.0/../../../../riscv-none-embed/lib/rv32imafc/ilp32f\libg_nano.a(lib_a-memset.o)
                0x0000000000000200                memset
 *(.text.*)
 .text.system_delay_ms
                0x00000000000002a8       0xa2 ./zf_driver/zf_driver_delay.o
                0x00000000000002a8                system_delay_ms
 .text.dvp_gpio_init
                0x000000000000034a      0x102 ./zf_driver/zf_driver_dvp.o
                0x000000000000034a                dvp_gpio_init
 .text.dvp_camera_init
                0x000000000000044c       0x8c ./zf_driver/zf_driver_dvp.o
                0x000000000000044c                dvp_camera_init
 .text.encoder_get_count
                0x00000000000004d8      0x14e ./zf_driver/zf_driver_encoder.o
                0x00000000000004d8                encoder_get_count
 .text.encoder_clear_count
                0x0000000000000626       0x9a ./zf_driver/zf_driver_encoder.o
                0x0000000000000626                encoder_clear_count
 .text.encoder_dir_init
                0x00000000000006c0      0x2fa ./zf_driver/zf_driver_encoder.o
                0x00000000000006c0                encoder_dir_init
 .text.gpio_set_level
                0x00000000000009ba       0x78 ./zf_driver/zf_driver_gpio.o
                0x00000000000009ba                gpio_set_level
 .text.gpio_get_level
                0x0000000000000a32       0x42 ./zf_driver/zf_driver_gpio.o
                0x0000000000000a32                gpio_get_level
 .text.gpio_init
                0x0000000000000a74      0x15c ./zf_driver/zf_driver_gpio.o
                0x0000000000000a74                gpio_init
 .text.pit_init
                0x0000000000000bd0      0x222 ./zf_driver/zf_driver_pit.o
                0x0000000000000bd0                pit_init
 .text.pwm_set_duty
                0x0000000000000df2      0x166 ./zf_driver/zf_driver_pwm.o
                0x0000000000000df2                pwm_set_duty
 .text.pwm_init
                0x0000000000000f58      0x416 ./zf_driver/zf_driver_pwm.o
                0x0000000000000f58                pwm_init
 .text.soft_iic_start
                0x000000000000136e      0x128 ./zf_driver/zf_driver_soft_iic.o
 .text.soft_iic_stop
                0x0000000000001496      0x142 ./zf_driver/zf_driver_soft_iic.o
 .text.soft_iic_send_ack
                0x00000000000015d8      0x196 ./zf_driver/zf_driver_soft_iic.o
 .text.soft_iic_wait_ack
                0x000000000000176e      0x160 ./zf_driver/zf_driver_soft_iic.o
 .text.soft_iic_send_data
                0x00000000000018ce      0x16e ./zf_driver/zf_driver_soft_iic.o
 .text.soft_iic_read_data
                0x0000000000001a3c      0x1ea ./zf_driver/zf_driver_soft_iic.o
 .text.soft_iic_sccb_write_register
                0x0000000000001c26       0x80 ./zf_driver/zf_driver_soft_iic.o
                0x0000000000001c26                soft_iic_sccb_write_register
 .text.soft_iic_sccb_read_register
                0x0000000000001ca6       0xb4 ./zf_driver/zf_driver_soft_iic.o
                0x0000000000001ca6                soft_iic_sccb_read_register
 .text.soft_iic_init
                0x0000000000001d5a       0xb2 ./zf_driver/zf_driver_soft_iic.o
                0x0000000000001d5a                soft_iic_init
 .text.spi_write_8bit
                0x0000000000001e0c       0x56 ./zf_driver/zf_driver_spi.o
                0x0000000000001e0c                spi_write_8bit
 .text.spi_write_16bit
                0x0000000000001e62       0xa4 ./zf_driver/zf_driver_spi.o
                0x0000000000001e62                spi_write_16bit
 .text.spi_write_16bit_array
                0x0000000000001f06       0xe4 ./zf_driver/zf_driver_spi.o
                0x0000000000001f06                spi_write_16bit_array
 .text.spi_write_8bit_register
                0x0000000000001fea       0x9a ./zf_driver/zf_driver_spi.o
                0x0000000000001fea                spi_write_8bit_register
 .text.spi_read_8bit_register
                0x0000000000002084       0xd2 ./zf_driver/zf_driver_spi.o
                0x0000000000002084                spi_read_8bit_register
 .text.spi_read_8bit_registers
                0x0000000000002156       0xf8 ./zf_driver/zf_driver_spi.o
                0x0000000000002156                spi_read_8bit_registers
 .text.spi_init
                0x000000000000224e      0x2d4 ./zf_driver/zf_driver_spi.o
                0x000000000000224e                spi_init
 .text.timer_funciton_check
                0x0000000000002522       0x66 ./zf_driver/zf_driver_timer.o
                0x0000000000002522                timer_funciton_check
 .text.timer_clock_enable
                0x0000000000002588       0xe2 ./zf_driver/zf_driver_timer.o
                0x0000000000002588                timer_clock_enable
 .text.timer_get
                0x000000000000266a       0xfe ./zf_driver/zf_driver_timer.o
                0x000000000000266a                timer_get
 .text.timer_clear
                0x0000000000002768       0xc4 ./zf_driver/zf_driver_timer.o
                0x0000000000002768                timer_clear
 .text.uart_write_byte
                0x000000000000282c       0x56 ./zf_driver/zf_driver_uart.o
                0x000000000000282c                uart_write_byte
 .text.uart_write_buffer
                0x0000000000002882       0x64 ./zf_driver/zf_driver_uart.o
                0x0000000000002882                uart_write_buffer
 .text.uart_write_string
                0x00000000000028e6       0x60 ./zf_driver/zf_driver_uart.o
                0x00000000000028e6                uart_write_string
 .text.uart_rx_interrupt
                0x0000000000002946       0x84 ./zf_driver/zf_driver_uart.o
                0x0000000000002946                uart_rx_interrupt
 .text.uart_query_byte
                0x00000000000029ca       0x5e ./zf_driver/zf_driver_uart.o
                0x00000000000029ca                uart_query_byte
 .text.uart_init
                0x0000000000002a28      0x5aa ./zf_driver/zf_driver_uart.o
                0x0000000000002a28                uart_init
 .text.dm1xa_sound_callback
                0x0000000000002fd2       0xf6 ./zf_device/zf_device_dm1xa.o
                0x0000000000002fd2                dm1xa_sound_callback
 .text.dm1xa_light_callback
                0x00000000000030c8       0x32 ./zf_device/zf_device_dm1xa.o
                0x00000000000030c8                dm1xa_light_callback
 .text.gnss_uart_callback
                0x00000000000030fa      0x15c ./zf_device/zf_device_gnss.o
                0x00000000000030fa                gnss_uart_callback
 .text.imu963ra_write_acc_gyro_register
                0x0000000000003256       0x52 ./zf_device/zf_device_imu963ra.o
 .text.imu963ra_read_acc_gyro_register
                0x00000000000032a8       0x5a ./zf_device/zf_device_imu963ra.o
 .text.imu963ra_read_acc_gyro_registers
                0x0000000000003302       0x5c ./zf_device/zf_device_imu963ra.o
 .text.imu963ra_write_mag_register
                0x000000000000335e       0xa0 ./zf_device/zf_device_imu963ra.o
 .text.imu963ra_read_mag_register
                0x00000000000033fe       0x8e ./zf_device/zf_device_imu963ra.o
 .text.imu963ra_connect_mag
                0x000000000000348c       0x54 ./zf_device/zf_device_imu963ra.o
 .text.imu963ra_acc_gyro_self_check
                0x00000000000034e0       0x5c ./zf_device/zf_device_imu963ra.o
 .text.imu963ra_mag_self_check
                0x000000000000353c       0x5e ./zf_device/zf_device_imu963ra.o
 .text.imu963ra_get_gyro
                0x000000000000359a       0x80 ./zf_device/zf_device_imu963ra.o
                0x000000000000359a                imu963ra_get_gyro
 .text.imu963ra_init
                0x000000000000361a      0x1da ./zf_device/zf_device_imu963ra.o
                0x000000000000361a                imu963ra_init
 .text.ips200_write_data
                0x00000000000037f4       0x32 ./zf_device/zf_device_ips200.o
 .text.ips200_write_command
                0x0000000000003826      0x1a8 ./zf_device/zf_device_ips200.o
 .text.ips200_write_8bit_data
                0x00000000000039ce       0xb8 ./zf_device/zf_device_ips200.o
 .text.ips200_write_16bit_data
                0x0000000000003a86       0xec ./zf_device/zf_device_ips200.o
 .text.ips200_write_16bit_data_array
                0x0000000000003b72      0x112 ./zf_device/zf_device_ips200.o
 .text.ips200_set_region
                0x0000000000003c84       0xf4 ./zf_device/zf_device_ips200.o
 .text.ips200_debug_init
                0x0000000000003d78       0x7e ./zf_device/zf_device_ips200.o
 .text.ips200_clear
                0x0000000000003df6      0x15c ./zf_device/zf_device_ips200.o
                0x0000000000003df6                ips200_clear
 .text.ips200_set_dir
                0x0000000000003f52       0x50 ./zf_device/zf_device_ips200.o
                0x0000000000003f52                ips200_set_dir
 .text.ips200_set_color
                0x0000000000003fa2       0x34 ./zf_device/zf_device_ips200.o
                0x0000000000003fa2                ips200_set_color
 .text.ips200_draw_point
                0x0000000000003fd6       0xf2 ./zf_device/zf_device_ips200.o
                0x0000000000003fd6                ips200_draw_point
 .text.ips200_show_char
                0x00000000000040c8      0x35a ./zf_device/zf_device_ips200.o
                0x00000000000040c8                ips200_show_char
 .text.ips200_show_string
                0x0000000000004422      0x108 ./zf_device/zf_device_ips200.o
                0x0000000000004422                ips200_show_string
 .text.ips200_show_uint
                0x000000000000452a      0x13a ./zf_device/zf_device_ips200.o
                0x000000000000452a                ips200_show_uint
 .text.ips200_show_float
                0x0000000000004664      0x200 ./zf_device/zf_device_ips200.o
                0x0000000000004664                ips200_show_float
 .text.ips200_show_gray_image
                0x0000000000004864      0x30e ./zf_device/zf_device_ips200.o
                0x0000000000004864                ips200_show_gray_image
 .text.ips200_init
                0x0000000000004b72      0x456 ./zf_device/zf_device_ips200.o
                0x0000000000004b72                ips200_init
 .text.key_scanner
                0x0000000000004fc8       0xee ./zf_device/zf_device_key.o
                0x0000000000004fc8                key_scanner
 .text.key_get_state
                0x00000000000050b6       0x20 ./zf_device/zf_device_key.o
                0x00000000000050b6                key_get_state
 .text.key_clear_state
                0x00000000000050d6       0x22 ./zf_device/zf_device_key.o
                0x00000000000050d6                key_clear_state
 .text.key_init
                0x00000000000050f8       0x88 ./zf_device/zf_device_key.o
                0x00000000000050f8                key_init
 .text.mt9v03x_set_config
                0x0000000000005180      0x132 ./zf_device/zf_device_mt9v03x_dvp.o
 .text.mt9v03x_get_config
                0x00000000000052b2      0x176 ./zf_device/zf_device_mt9v03x_dvp.o
 .text.mt9v03x_uart_check_id
                0x0000000000005428       0xda ./zf_device/zf_device_mt9v03x_dvp.o
 .text.mt9v03x_uart_handler
                0x0000000000005502       0x4e ./zf_device/zf_device_mt9v03x_dvp.o
 .text.mt9v03x_dvp_handler
                0x0000000000005550       0x14 ./zf_device/zf_device_mt9v03x_dvp.o
                0x0000000000005550                mt9v03x_dvp_handler
 .text.mt9v03x_get_version
                0x0000000000005564       0xb0 ./zf_device/zf_device_mt9v03x_dvp.o
                0x0000000000005564                mt9v03x_get_version
 .text.mt9v03x_sccb_init
                0x0000000000005614       0xc2 ./zf_device/zf_device_mt9v03x_dvp.o
                0x0000000000005614                mt9v03x_sccb_init
 .text.mt9v03x_uart_init
                0x00000000000056d6      0x2ae ./zf_device/zf_device_mt9v03x_dvp.o
                0x00000000000056d6                mt9v03x_uart_init
 .text.mt9v03x_init
                0x0000000000005984       0xa8 ./zf_device/zf_device_mt9v03x_dvp.o
                0x0000000000005984                mt9v03x_init
 .text.type_default_callback
                0x0000000000005a2c        0xe ./zf_device/zf_device_type.o
 .text.set_camera_type
                0x0000000000005a3a       0x52 ./zf_device/zf_device_type.o
                0x0000000000005a3a                set_camera_type
 .text.set_wireless_type
                0x0000000000005a8c       0x36 ./zf_device/zf_device_type.o
                0x0000000000005a8c                set_wireless_type
 .text.wireless_uart_send_string
                0x0000000000005ac2       0xc0 ./zf_device/zf_device_wireless_uart.o
                0x0000000000005ac2                wireless_uart_send_string
 .text.wireless_uart_callback
                0x0000000000005b82       0x2e ./zf_device/zf_device_wireless_uart.o
                0x0000000000005b82                wireless_uart_callback
 .text.wireless_uart_init
                0x0000000000005bb0       0x72 ./zf_device/zf_device_wireless_uart.o
                0x0000000000005bb0                wireless_uart_init
 .text.wireless_printf
                0x0000000000005c22       0x50 ./zf_device/zf_device_wireless_uart.o
                0x0000000000005c22                wireless_printf
 .text.clock_reset
                0x0000000000005c72       0x76 ./zf_common/zf_common_clock.o
                0x0000000000005c72                clock_reset
 .text.clock_set_freq
                0x0000000000005ce8      0x1e0 ./zf_common/zf_common_clock.o
                0x0000000000005ce8                clock_set_freq
 .text.clock_init
                0x0000000000005ec8       0x2e ./zf_common/zf_common_clock.o
                0x0000000000005ec8                clock_init
 .text.__NOP    0x0000000000005ef6       0x10 ./zf_common/zf_common_debug.o
 .text.debug_delay
                0x0000000000005f06       0x54 ./zf_common/zf_common_debug.o
 .text.debug_protective_handler
                0x0000000000005f5a        0xe ./zf_common/zf_common_debug.o
 .text.debug_uart_str_output
                0x0000000000005f68       0x20 ./zf_common/zf_common_debug.o
 .text.debug_output
                0x0000000000005f88      0x564 ./zf_common/zf_common_debug.o
 .text.debug_interrupr_handler
                0x00000000000064ec       0x38 ./zf_common/zf_common_debug.o
                0x00000000000064ec                debug_interrupr_handler
 .text._write   0x0000000000006524       0x7c ./zf_common/zf_common_debug.o
                0x0000000000006524                _write
 .text.debug_assert_handler
                0x00000000000065a0       0x68 ./zf_common/zf_common_debug.o
                0x00000000000065a0                debug_assert_handler
 .text.debug_log_handler
                0x0000000000006608       0x4e ./zf_common/zf_common_debug.o
                0x0000000000006608                debug_log_handler
 .text.debug_output_struct_init
                0x0000000000006656       0x5a ./zf_common/zf_common_debug.o
                0x0000000000006656                debug_output_struct_init
 .text.debug_output_init
                0x00000000000066b0       0xa8 ./zf_common/zf_common_debug.o
                0x00000000000066b0                debug_output_init
 .text.debug_init
                0x0000000000006758       0x6c ./zf_common/zf_common_debug.o
                0x0000000000006758                debug_init
 .text.fifo_head_offset
                0x00000000000067c4      0x184 ./zf_common/zf_common_fifo.o
 .text.fifo_end_offset
                0x0000000000006948      0x184 ./zf_common/zf_common_fifo.o
 .text.fifo_clear
                0x0000000000006acc      0x24a ./zf_common/zf_common_fifo.o
                0x0000000000006acc                fifo_clear
 .text.fifo_used
                0x0000000000006d16       0x7a ./zf_common/zf_common_fifo.o
                0x0000000000006d16                fifo_used
 .text.fifo_write_element
                0x0000000000006d90      0x260 ./zf_common/zf_common_fifo.o
                0x0000000000006d90                fifo_write_element
 .text.fifo_write_buffer
                0x0000000000006ff0      0x5ea ./zf_common/zf_common_fifo.o
                0x0000000000006ff0                fifo_write_buffer
 .text.fifo_read_buffer
                0x00000000000075da      0x5a4 ./zf_common/zf_common_fifo.o
                0x00000000000075da                fifo_read_buffer
 .text.fifo_init
                0x0000000000007b7e      0x248 ./zf_common/zf_common_fifo.o
                0x0000000000007b7e                fifo_init
 .text.func_uint_to_str
                0x0000000000007dc6       0xd8 ./zf_common/zf_common_function.o
                0x0000000000007dc6                func_uint_to_str
 .text.func_double_to_str
                0x0000000000007e9e      0x2a2 ./zf_common/zf_common_function.o
                0x0000000000007e9e                func_double_to_str
 .text.__enable_irq
                0x0000000000008140       0x18 ./zf_common/zf_common_interrupt.o
 .text.__disable_irq
                0x0000000000008158       0x14 ./zf_common/zf_common_interrupt.o
 .text.NVIC_EnableIRQ
                0x000000000000816c       0x32 ./zf_common/zf_common_interrupt.o
 .text.NVIC_DisableIRQ
                0x000000000000819e       0x32 ./zf_common/zf_common_interrupt.o
 .text.NVIC_SetPriority
                0x00000000000081d0       0x2a ./zf_common/zf_common_interrupt.o
 .text.interrupt_enable
                0x00000000000081fa       0x1e ./zf_common/zf_common_interrupt.o
                0x00000000000081fa                interrupt_enable
 .text.interrupt_disable
                0x0000000000008218       0x1e ./zf_common/zf_common_interrupt.o
                0x0000000000008218                interrupt_disable
 .text.interrupt_set_priority
                0x0000000000008236       0x2a ./zf_common/zf_common_interrupt.o
                0x0000000000008236                interrupt_set_priority
 .text.interrupt_global_enable
                0x0000000000008260       0x32 ./zf_common/zf_common_interrupt.o
                0x0000000000008260                interrupt_global_enable
 .text.interrupt_global_disable
                0x0000000000008292       0x2c ./zf_common/zf_common_interrupt.o
                0x0000000000008292                interrupt_global_disable
 .text.interrupt_init
                0x00000000000082be       0x18 ./zf_common/zf_common_interrupt.o
                0x00000000000082be                interrupt_init
 .text.USART1_IRQHandler
                0x00000000000082d6       0xc4 ./user_c/isr.o
                0x00000000000082d6                USART1_IRQHandler
 .text.USART2_IRQHandler
                0x000000000000839a       0xc4 ./user_c/isr.o
                0x000000000000839a                USART2_IRQHandler
 .text.USART3_IRQHandler
                0x000000000000845e       0xc8 ./user_c/isr.o
                0x000000000000845e                USART3_IRQHandler
 .text.UART4_IRQHandler
                0x0000000000008526       0xc4 ./user_c/isr.o
                0x0000000000008526                UART4_IRQHandler
 .text.UART5_IRQHandler
                0x00000000000085ea       0xc2 ./user_c/isr.o
                0x00000000000085ea                UART5_IRQHandler
 .text.UART6_IRQHandler
                0x00000000000086ac       0xc4 ./user_c/isr.o
                0x00000000000086ac                UART6_IRQHandler
 .text.UART7_IRQHandler
                0x0000000000008770       0xca ./user_c/isr.o
                0x0000000000008770                UART7_IRQHandler
 .text.UART8_IRQHandler
                0x000000000000883a       0xc0 ./user_c/isr.o
                0x000000000000883a                UART8_IRQHandler
 .text.DVP_IRQHandler
                0x00000000000088fa       0xd0 ./user_c/isr.o
                0x00000000000088fa                DVP_IRQHandler
 .text.EXTI0_IRQHandler
                0x00000000000089ca       0xb4 ./user_c/isr.o
                0x00000000000089ca                EXTI0_IRQHandler
 .text.EXTI1_IRQHandler
                0x0000000000008a7e       0xb4 ./user_c/isr.o
                0x0000000000008a7e                EXTI1_IRQHandler
 .text.EXTI2_IRQHandler
                0x0000000000008b32       0xb4 ./user_c/isr.o
                0x0000000000008b32                EXTI2_IRQHandler
 .text.EXTI3_IRQHandler
                0x0000000000008be6       0xb4 ./user_c/isr.o
                0x0000000000008be6                EXTI3_IRQHandler
 .text.EXTI4_IRQHandler
                0x0000000000008c9a       0xb4 ./user_c/isr.o
                0x0000000000008c9a                EXTI4_IRQHandler
 .text.EXTI9_5_IRQHandler
                0x0000000000008d4e      0x118 ./user_c/isr.o
                0x0000000000008d4e                EXTI9_5_IRQHandler
 .text.EXTI15_10_IRQHandler
                0x0000000000008e66      0x132 ./user_c/isr.o
                0x0000000000008e66                EXTI15_10_IRQHandler
 .text.TIM1_UP_IRQHandler
                0x0000000000008f98       0xc0 ./user_c/isr.o
                0x0000000000008f98                TIM1_UP_IRQHandler
 .text.TIM2_IRQHandler
                0x0000000000009058       0xb8 ./user_c/isr.o
                0x0000000000009058                TIM2_IRQHandler
 .text.TIM3_IRQHandler
                0x0000000000009110       0xc0 ./user_c/isr.o
                0x0000000000009110                TIM3_IRQHandler
 .text.TIM4_IRQHandler
                0x00000000000091d0       0xc0 ./user_c/isr.o
                0x00000000000091d0                TIM4_IRQHandler
 .text.TIM5_IRQHandler
                0x0000000000009290       0xc0 ./user_c/isr.o
                0x0000000000009290                TIM5_IRQHandler
 .text.TIM6_IRQHandler
                0x0000000000009350       0xba ./user_c/isr.o
                0x0000000000009350                TIM6_IRQHandler
 .text.TIM7_IRQHandler
                0x000000000000940a       0xc2 ./user_c/isr.o
                0x000000000000940a                TIM7_IRQHandler
 .text.TIM8_UP_IRQHandler
                0x00000000000094cc       0xc0 ./user_c/isr.o
                0x00000000000094cc                TIM8_UP_IRQHandler
 .text.TIM9_UP_IRQHandler
                0x000000000000958c       0xc0 ./user_c/isr.o
                0x000000000000958c                TIM9_UP_IRQHandler
 .text.TIM10_UP_IRQHandler
                0x000000000000964c       0xb8 ./user_c/isr.o
                0x000000000000964c                TIM10_UP_IRQHandler
 .text.NMI_Handler
                0x0000000000009704       0x10 ./user_c/isr.o
                0x0000000000009704                NMI_Handler
 .text.HardFault_Handler
                0x0000000000009714        0x8 ./user_c/isr.o
                0x0000000000009714                HardFault_Handler
 .text.main     0x000000000000971c       0x92 ./user_c/main.o
                0x000000000000971c                main
 .text.pit1_hanlder
                0x00000000000097ae       0xac ./user_c/main.o
                0x00000000000097ae                pit1_hanlder
 .text.Sliding_Window_Filter
                0x000000000000985a       0xbe ./user_c/main.o
                0x000000000000985a                Sliding_Window_Filter
 .text.pit2_hanlder
                0x0000000000009918      0x1f8 ./user_c/main.o
                0x0000000000009918                pit2_hanlder
 .text.vector_handler
                0x0000000000009b10       0xbe ./sdk/Startup/startup_ch32v30x_D8C.o
                0x0000000000009b14                Ecall_M_Mode_Handler
                0x0000000000009b16                Ecall_U_Mode_Handler
                0x0000000000009b18                Break_Point_Handler
                0x0000000000009b1a                SysTick_Handler
                0x0000000000009b1c                SW_Handler
                0x0000000000009b1e                WWDG_IRQHandler
                0x0000000000009b20                PVD_IRQHandler
                0x0000000000009b22                TAMPER_IRQHandler
                0x0000000000009b24                RTC_IRQHandler
                0x0000000000009b26                FLASH_IRQHandler
                0x0000000000009b28                RCC_IRQHandler
                0x0000000000009b34                DMA1_Channel1_IRQHandler
                0x0000000000009b36                DMA1_Channel2_IRQHandler
                0x0000000000009b38                DMA1_Channel3_IRQHandler
                0x0000000000009b3a                DMA1_Channel4_IRQHandler
                0x0000000000009b3c                DMA1_Channel5_IRQHandler
                0x0000000000009b3e                DMA1_Channel6_IRQHandler
                0x0000000000009b40                DMA1_Channel7_IRQHandler
                0x0000000000009b42                ADC1_2_IRQHandler
                0x0000000000009b44                USB_HP_CAN1_TX_IRQHandler
                0x0000000000009b46                USB_LP_CAN1_RX0_IRQHandler
                0x0000000000009b48                CAN1_RX1_IRQHandler
                0x0000000000009b4a                CAN1_SCE_IRQHandler
                0x0000000000009b4e                TIM1_BRK_IRQHandler
                0x0000000000009b52                TIM1_TRG_COM_IRQHandler
                0x0000000000009b54                TIM1_CC_IRQHandler
                0x0000000000009b5c                I2C1_EV_IRQHandler
                0x0000000000009b5e                I2C1_ER_IRQHandler
                0x0000000000009b60                I2C2_EV_IRQHandler
                0x0000000000009b62                I2C2_ER_IRQHandler
                0x0000000000009b64                SPI1_IRQHandler
                0x0000000000009b66                SPI2_IRQHandler
                0x0000000000009b70                RTCAlarm_IRQHandler
                0x0000000000009b72                USBWakeUp_IRQHandler
                0x0000000000009b74                TIM8_BRK_IRQHandler
                0x0000000000009b78                TIM8_TRG_COM_IRQHandler
                0x0000000000009b7a                TIM8_CC_IRQHandler
                0x0000000000009b7c                RNG_IRQHandler
                0x0000000000009b7e                FSMC_IRQHandler
                0x0000000000009b80                SDIO_IRQHandler
                0x0000000000009b84                SPI3_IRQHandler
                0x0000000000009b8e                DMA2_Channel1_IRQHandler
                0x0000000000009b90                DMA2_Channel2_IRQHandler
                0x0000000000009b92                DMA2_Channel3_IRQHandler
                0x0000000000009b94                DMA2_Channel4_IRQHandler
                0x0000000000009b96                DMA2_Channel5_IRQHandler
                0x0000000000009b98                ETH_IRQHandler
                0x0000000000009b9a                ETH_WKUP_IRQHandler
                0x0000000000009b9c                CAN2_TX_IRQHandler
                0x0000000000009b9e                CAN2_RX0_IRQHandler
                0x0000000000009ba0                CAN2_RX1_IRQHandler
                0x0000000000009ba2                CAN2_SCE_IRQHandler
                0x0000000000009ba6                USBHSWakeup_IRQHandler
                0x0000000000009ba8                USBHS_IRQHandler
                0x0000000000009bb2                TIM9_BRK_IRQHandler
                0x0000000000009bb6                TIM9_TRG_COM_IRQHandler
                0x0000000000009bb8                TIM9_CC_IRQHandler
                0x0000000000009bba                TIM10_BRK_IRQHandler
                0x0000000000009bbe                TIM10_TRG_COM_IRQHandler
                0x0000000000009bc0                TIM10_CC_IRQHandler
                0x0000000000009bc2                DMA2_Channel6_IRQHandler
                0x0000000000009bc4                DMA2_Channel7_IRQHandler
                0x0000000000009bc6                DMA2_Channel8_IRQHandler
                0x0000000000009bc8                DMA2_Channel9_IRQHandler
                0x0000000000009bca                DMA2_Channel10_IRQHandler
                0x0000000000009bcc                DMA2_Channel11_IRQHandler
 .text.handle_reset
                0x0000000000009bce       0x8a ./sdk/Startup/startup_ch32v30x_D8C.o
                0x0000000000009bce                handle_reset
 .text.DMA_Init
                0x0000000000009c58       0xa8 ./sdk/Peripheral/ch32v30x_dma.o
                0x0000000000009c58                DMA_Init
 .text.DMA_Cmd  0x0000000000009d00       0x40 ./sdk/Peripheral/ch32v30x_dma.o
                0x0000000000009d00                DMA_Cmd
 .text.DMA_SetCurrDataCounter
                0x0000000000009d40       0x22 ./sdk/Peripheral/ch32v30x_dma.o
                0x0000000000009d40                DMA_SetCurrDataCounter
 .text.EXTI_GetITStatus
                0x0000000000009d62       0x56 ./sdk/Peripheral/ch32v30x_exti.o
                0x0000000000009d62                EXTI_GetITStatus
 .text.EXTI_ClearITPendingBit
                0x0000000000009db8       0x20 ./sdk/Peripheral/ch32v30x_exti.o
                0x0000000000009db8                EXTI_ClearITPendingBit
 .text.GPIO_Init
                0x0000000000009dd8      0x22a ./sdk/Peripheral/ch32v30x_gpio.o
                0x0000000000009dd8                GPIO_Init
 .text.GPIO_WriteBit
                0x000000000000a002       0x38 ./sdk/Peripheral/ch32v30x_gpio.o
                0x000000000000a002                GPIO_WriteBit
 .text.GPIO_PinRemapConfig
                0x000000000000a03a      0x1c8 ./sdk/Peripheral/ch32v30x_gpio.o
                0x000000000000a03a                GPIO_PinRemapConfig
 .text.RCC_GetClocksFreq
                0x000000000000a202      0x2c6 ./sdk/Peripheral/ch32v30x_rcc.o
                0x000000000000a202                RCC_GetClocksFreq
 .text.RCC_AHBPeriphClockCmd
                0x000000000000a4c8       0x46 ./sdk/Peripheral/ch32v30x_rcc.o
                0x000000000000a4c8                RCC_AHBPeriphClockCmd
 .text.RCC_APB2PeriphClockCmd
                0x000000000000a50e       0x46 ./sdk/Peripheral/ch32v30x_rcc.o
                0x000000000000a50e                RCC_APB2PeriphClockCmd
 .text.RCC_APB1PeriphClockCmd
                0x000000000000a554       0x46 ./sdk/Peripheral/ch32v30x_rcc.o
                0x000000000000a554                RCC_APB1PeriphClockCmd
 .text.RCC_APB2PeriphResetCmd
                0x000000000000a59a       0x46 ./sdk/Peripheral/ch32v30x_rcc.o
                0x000000000000a59a                RCC_APB2PeriphResetCmd
 .text.RCC_APB1PeriphResetCmd
                0x000000000000a5e0       0x46 ./sdk/Peripheral/ch32v30x_rcc.o
                0x000000000000a5e0                RCC_APB1PeriphResetCmd
 .text.SPI_I2S_DeInit
                0x000000000000a626       0x76 ./sdk/Peripheral/ch32v30x_spi.o
                0x000000000000a626                SPI_I2S_DeInit
 .text.SPI_Init
                0x000000000000a69c       0xf8 ./sdk/Peripheral/ch32v30x_spi.o
                0x000000000000a69c                SPI_Init
 .text.SPI_Cmd  0x000000000000a794       0x5a ./sdk/Peripheral/ch32v30x_spi.o
                0x000000000000a794                SPI_Cmd
 .text.TIM_TimeBaseInit
                0x000000000000a7ee      0x17e ./sdk/Peripheral/ch32v30x_tim.o
                0x000000000000a7ee                TIM_TimeBaseInit
 .text.TIM_OC1Init
                0x000000000000a96c      0x19c ./sdk/Peripheral/ch32v30x_tim.o
                0x000000000000a96c                TIM_OC1Init
 .text.TIM_OC2Init
                0x000000000000ab08      0x1e2 ./sdk/Peripheral/ch32v30x_tim.o
                0x000000000000ab08                TIM_OC2Init
 .text.TIM_OC3Init
                0x000000000000acea      0x1dc ./sdk/Peripheral/ch32v30x_tim.o
                0x000000000000acea                TIM_OC3Init
 .text.TIM_OC4Init
                0x000000000000aec6      0x176 ./sdk/Peripheral/ch32v30x_tim.o
                0x000000000000aec6                TIM_OC4Init
 .text.TIM_TimeBaseStructInit
                0x000000000000b03c       0x3c ./sdk/Peripheral/ch32v30x_tim.o
                0x000000000000b03c                TIM_TimeBaseStructInit
 .text.TIM_Cmd  0x000000000000b078       0x58 ./sdk/Peripheral/ch32v30x_tim.o
                0x000000000000b078                TIM_Cmd
 .text.TIM_CtrlPWMOutputs
                0x000000000000b0d0       0x60 ./sdk/Peripheral/ch32v30x_tim.o
                0x000000000000b0d0                TIM_CtrlPWMOutputs
 .text.TIM_ITConfig
                0x000000000000b130       0x70 ./sdk/Peripheral/ch32v30x_tim.o
                0x000000000000b130                TIM_ITConfig
 .text.TIM_ITRxExternalClockConfig
                0x000000000000b1a0       0x46 ./sdk/Peripheral/ch32v30x_tim.o
                0x000000000000b1a0                TIM_ITRxExternalClockConfig
 .text.TIM_ETRConfig
                0x000000000000b1e6       0x7c ./sdk/Peripheral/ch32v30x_tim.o
                0x000000000000b1e6                TIM_ETRConfig
 .text.TIM_SelectInputTrigger
                0x000000000000b262       0x4e ./sdk/Peripheral/ch32v30x_tim.o
                0x000000000000b262                TIM_SelectInputTrigger
 .text.TIM_OC1PreloadConfig
                0x000000000000b2b0       0x4c ./sdk/Peripheral/ch32v30x_tim.o
                0x000000000000b2b0                TIM_OC1PreloadConfig
 .text.TIM_OC2PreloadConfig
                0x000000000000b2fc       0x5a ./sdk/Peripheral/ch32v30x_tim.o
                0x000000000000b2fc                TIM_OC2PreloadConfig
 .text.TIM_OC3PreloadConfig
                0x000000000000b356       0x4c ./sdk/Peripheral/ch32v30x_tim.o
                0x000000000000b356                TIM_OC3PreloadConfig
 .text.TIM_OC4PreloadConfig
                0x000000000000b3a2       0x5a ./sdk/Peripheral/ch32v30x_tim.o
                0x000000000000b3a2                TIM_OC4PreloadConfig
 .text.TIM_OC1FastConfig
                0x000000000000b3fc       0x4c ./sdk/Peripheral/ch32v30x_tim.o
                0x000000000000b3fc                TIM_OC1FastConfig
 .text.TIM_OC2FastConfig
                0x000000000000b448       0x56 ./sdk/Peripheral/ch32v30x_tim.o
                0x000000000000b448                TIM_OC2FastConfig
 .text.TIM_OC3FastConfig
                0x000000000000b49e       0x4c ./sdk/Peripheral/ch32v30x_tim.o
                0x000000000000b49e                TIM_OC3FastConfig
 .text.TIM_OC4FastConfig
                0x000000000000b4ea       0x56 ./sdk/Peripheral/ch32v30x_tim.o
                0x000000000000b4ea                TIM_OC4FastConfig
 .text.TIM_GetITStatus
                0x000000000000b540       0x70 ./sdk/Peripheral/ch32v30x_tim.o
                0x000000000000b540                TIM_GetITStatus
 .text.TIM_ClearITPendingBit
                0x000000000000b5b0       0x2e ./sdk/Peripheral/ch32v30x_tim.o
                0x000000000000b5b0                TIM_ClearITPendingBit
 .text.USART_Init
                0x000000000000b5de      0x234 ./sdk/Peripheral/ch32v30x_usart.o
                0x000000000000b5de                USART_Init
 .text.USART_Cmd
                0x000000000000b812       0x60 ./sdk/Peripheral/ch32v30x_usart.o
                0x000000000000b812                USART_Cmd
 .text.USART_ITConfig
                0x000000000000b872       0xc4 ./sdk/Peripheral/ch32v30x_usart.o
                0x000000000000b872                USART_ITConfig
 .text.USART_SendData
                0x000000000000b936       0x2e ./sdk/Peripheral/ch32v30x_usart.o
                0x000000000000b936                USART_SendData
 .text.USART_GetFlagStatus
                0x000000000000b964       0x46 ./sdk/Peripheral/ch32v30x_usart.o
                0x000000000000b964                USART_GetFlagStatus
 .text.USART_GetITStatus
                0x000000000000b9aa      0x102 ./sdk/Peripheral/ch32v30x_usart.o
                0x000000000000b9aa                USART_GetITStatus
 .text.USART_ClearITPendingBit
                0x000000000000baac       0x4e ./sdk/Peripheral/ch32v30x_usart.o
                0x000000000000baac                USART_ClearITPendingBit
 .text.DevEP1_IN_Deal
                0x000000000000bafa       0x3e ./sdk/Peripheral/ch32v30x_usbotg_device.o
                0x000000000000bafa                DevEP1_IN_Deal
 .text.DevEP2_IN_Deal
                0x000000000000bb38       0x3e ./sdk/Peripheral/ch32v30x_usbotg_device.o
                0x000000000000bb38                DevEP2_IN_Deal
 .text.DevEP1_OUT_Deal
                0x000000000000bb76       0x66 ./sdk/Peripheral/ch32v30x_usbotg_device.o
                0x000000000000bb76                DevEP1_OUT_Deal
 .text.DevEP2_OUT_Deal
                0x000000000000bbdc       0x66 ./sdk/Peripheral/ch32v30x_usbotg_device.o
                0x000000000000bbdc                DevEP2_OUT_Deal
 .text.OTG_FS_IRQHandler
                0x000000000000bc42      0xd16 ./sdk/Peripheral/ch32v30x_usbotg_device.o
                0x000000000000bc42                OTG_FS_IRQHandler
 .text.CUG_Init
                0x000000000000c958       0x84 ./code/CUG_Init.o
                0x000000000000c958                CUG_Init
 .text.Width_Reinit
                0x000000000000c9dc       0x84 ./code/Image_Elements.o
                0x000000000000c9dc                Width_Reinit
 .text.Width    0x000000000000ca60       0x38 ./code/Image_Elements.o
                0x000000000000ca60                Width
 .text.Find_Cross_TP
                0x000000000000ca98      0xb9c ./code/Image_Elements.o
                0x000000000000ca98                Find_Cross_TP
 .text.Find_Huandao_L_TP
                0x000000000000d634      0x950 ./code/Image_Elements.o
                0x000000000000d634                Find_Huandao_L_TP
 .text.Find_Huandao_R_TP
                0x000000000000df84      0x92e ./code/Image_Elements.o
                0x000000000000df84                Find_Huandao_R_TP
 .text.Img_ChangePoints_Left
                0x000000000000e8b2      0x148 ./code/Image_Elements.o
                0x000000000000e8b2                Img_ChangePoints_Left
 .text.Img_ChangePoints_Right
                0x000000000000e9fa      0x14a ./code/Image_Elements.o
                0x000000000000e9fa                Img_ChangePoints_Right
 .text.Img_Adapt_Right_To_Left
                0x000000000000eb44       0xb4 ./code/Image_Elements.o
                0x000000000000eb44                Img_Adapt_Right_To_Left
 .text.Img_Adapt_Left_To_Right
                0x000000000000ebf8       0xb4 ./code/Image_Elements.o
                0x000000000000ebf8                Img_Adapt_Left_To_Right
 .text.Cross_Handler
                0x000000000000ecac      0x166 ./code/Image_Elements.o
                0x000000000000ecac                Cross_Handler
 .text.Huandao_L_Handler
                0x000000000000ee12      0x170 ./code/Image_Elements.o
                0x000000000000ee12                Huandao_L_Handler
 .text.Huandao_R_Handler
                0x000000000000ef82      0x16e ./code/Image_Elements.o
                0x000000000000ef82                Huandao_R_Handler
 .text.Img_UpdateCurve
                0x000000000000f0f0      0x344 ./code/Image_Elements.o
                0x000000000000f0f0                Img_UpdateCurve
 .text.Running_Handler
                0x000000000000f434       0x2c ./code/Image_Elements.o
                0x000000000000f434                Running_Handler
 .text.Img_ElementsProcess
                0x000000000000f460      0x510 ./code/Image_Elements.o
                0x000000000000f460                Img_ElementsProcess
 .text.my_abs   0x000000000000f970       0x30 ./code/Image_Process.o
                0x000000000000f970                my_abs
 .text.limit_a_b
                0x000000000000f9a0       0x50 ./code/Image_Process.o
                0x000000000000f9a0                limit_a_b
 .text.limit_a_b_f
                0x000000000000f9f0       0x4c ./code/Image_Process.o
                0x000000000000f9f0                limit_a_b_f
 .text.my_min   0x000000000000fa3c       0x32 ./code/Image_Process.o
                0x000000000000fa3c                my_min
 .text.my_max   0x000000000000fa6e       0x32 ./code/Image_Process.o
                0x000000000000fa6e                my_max
 .text.my_k_twopoints
                0x000000000000faa0       0x8e ./code/Image_Process.o
                0x000000000000faa0                my_k_twopoints
 .text.my_k     0x000000000000fb2e      0x182 ./code/Image_Process.o
                0x000000000000fb2e                my_k
 .text.my_K_To_Angle
                0x000000000000fcb0      0x11c ./code/Image_Process.o
                0x000000000000fcb0                my_K_To_Angle
 .text.my_jiajiao
                0x000000000000fdcc       0x7a ./code/Image_Process.o
                0x000000000000fdcc                my_jiajiao
 .text.Img_CopyImage
                0x000000000000fe46       0x40 ./code/Image_Process.o
                0x000000000000fe46                Img_CopyImage
 .text.Img_GetAverage
                0x000000000000fe86       0xc2 ./code/Image_Process.o
                0x000000000000fe86                Img_GetAverage
 .text.Img_GetPixel
                0x000000000000ff48      0x11c ./code/Image_Process.o
                0x000000000000ff48                Img_GetPixel
 .text.Img_GetContrast
                0x0000000000010064       0x40 ./code/Image_Process.o
                0x0000000000010064                Img_GetContrast
 .text.Img_FindStartPoint_Single
                0x00000000000100a4      0x3e0 ./code/Image_Process.o
                0x00000000000100a4                Img_FindStartPoint_Single
 .text.Img_SearchLine_Lefthand
                0x0000000000010484      0x312 ./code/Image_Process.o
                0x0000000000010484                Img_SearchLine_Lefthand
 .text.Img_SearchLine_Righthand
                0x0000000000010796      0x312 ./code/Image_Process.o
                0x0000000000010796                Img_SearchLine_Righthand
 .text.Img_CalulateAngle_Single
                0x0000000000010aa8      0x102 ./code/Image_Process.o
                0x0000000000010aa8                Img_CalulateAngle_Single
 .text.Img_SearchLine
                0x0000000000010baa      0x46a ./code/Image_Process.o
                0x0000000000010baa                Img_SearchLine
 .text.Img_FindMidline
                0x0000000000011014       0x96 ./code/Image_Process.o
                0x0000000000011014                Img_FindMidline
 .text.Img_BlurPoints
                0x00000000000110aa      0x238 ./code/Image_Process.o
                0x00000000000110aa                Img_BlurPoints
 .text.Img_Judge_StraightLine_Left
                0x00000000000112e2      0x240 ./code/Image_Process.o
                0x00000000000112e2                Img_Judge_StraightLine_Left
 .text.Img_Judge_StraightLine_Right
                0x0000000000011522      0x240 ./code/Image_Process.o
                0x0000000000011522                Img_Judge_StraightLine_Right
 .text.Img_Judge_LostLine
                0x0000000000011762       0xc4 ./code/Image_Process.o
                0x0000000000011762                Img_Judge_LostLine
 .text.Img_TestWidth
                0x0000000000011826      0x1e8 ./code/Image_Process.o
                0x0000000000011826                Img_TestWidth
 .text.Img_ProcessInit
                0x0000000000011a0e       0x82 ./code/Image_Process.o
                0x0000000000011a0e                Img_ProcessInit
 .text.Img_GetError
                0x0000000000011a90       0x6a ./code/Image_Process.o
                0x0000000000011a90                Img_GetError
 .text.Img_Display
                0x0000000000011afa      0x1da ./code/Image_Process.o
                0x0000000000011afa                Img_Display
 .text.Img_FinalProcess
                0x0000000000011cd4       0x22 ./code/Image_Process.o
                0x0000000000011cd4                Img_FinalProcess
 .text.Menu_Clear
                0x0000000000011cf6       0x70 ./code/Menu.o
                0x0000000000011cf6                Menu_Clear
 .text.Menu_ShowArrow
                0x0000000000011d66       0x94 ./code/Menu.o
                0x0000000000011d66                Menu_ShowArrow
 .text.arrowadd
                0x0000000000011dfa       0x30 ./code/Menu.o
                0x0000000000011dfa                arrowadd
 .text.arrowsub
                0x0000000000011e2a       0x26 ./code/Menu.o
                0x0000000000011e2a                arrowsub
 .text.Main_Handler
                0x0000000000011e50       0xae ./code/Menu.o
                0x0000000000011e50                Main_Handler
 .text.PID_Main_Handler
                0x0000000000011efe       0xd2 ./code/Menu.o
                0x0000000000011efe                PID_Main_Handler
 .text.PID_Img_Handler
                0x0000000000011fd0       0xd2 ./code/Menu.o
                0x0000000000011fd0                PID_Img_Handler
 .text.PID_Ang_Handler
                0x00000000000120a2       0xd2 ./code/Menu.o
                0x00000000000120a2                PID_Ang_Handler
 .text.PID_Speed_Handler
                0x0000000000012174       0xd2 ./code/Menu.o
                0x0000000000012174                PID_Speed_Handler
 .text.Img_Main_Handler
                0x0000000000012246       0xd2 ./code/Menu.o
                0x0000000000012246                Img_Main_Handler
 .text.Img_Contrast_Handler
                0x0000000000012318      0x108 ./code/Menu.o
                0x0000000000012318                Img_Contrast_Handler
 .text.Img_Pianzhi_Handler
                0x0000000000012420       0x48 ./code/Menu.o
                0x0000000000012420                Img_Pianzhi_Handler
 .text.Speed_Handler
                0x0000000000012468       0x48 ./code/Menu.o
                0x0000000000012468                Speed_Handler
 .text.Width_Reset_Handler
                0x00000000000124b0       0xb4 ./code/Menu.o
                0x00000000000124b0                Width_Reset_Handler
 .text.Menu_Display
                0x0000000000012564       0x80 ./code/Menu.o
                0x0000000000012564                Menu_Display
 .text.Judge_Speed
                0x00000000000125e4       0x6e ./code/Speed_Judge.o
                0x00000000000125e4                Judge_Speed
 .text.blmotor_init
                0x0000000000012652       0x36 ./code/motor.o
                0x0000000000012652                blmotor_init
 .text.set_blmotor_speed
                0x0000000000012688       0xb4 ./code/motor.o
                0x0000000000012688                set_blmotor_speed
 .text.motor_init
                0x000000000001273c       0x8e ./code/motor.o
                0x000000000001273c                motor_init
 .text.set_motor_speed
                0x00000000000127ca      0x16a ./code/motor.o
                0x00000000000127ca                set_motor_speed
 .text.motor_speed_limit
                0x0000000000012934       0x42 ./code/motor.o
                0x0000000000012934                motor_speed_limit
 .text.basic_speed_encoder_init
                0x0000000000012976       0x24 ./code/motor.o
                0x0000000000012976                basic_speed_encoder_init
 .text.get_basic_speed
                0x000000000001299a       0x34 ./code/motor.o
                0x000000000001299a                get_basic_speed
 .text.pid_positional
                0x00000000000129ce      0x10a ./code/pid_positional.o
                0x00000000000129ce                pid_positional
 .text.atan     0x0000000000012ad8      0x33a d:/mounriver_studio/toolchain/risc-v embedded gcc/bin/../lib/gcc/riscv-none-embed/8.2.0/../../../../riscv-none-embed/lib/rv32imafc/ilp32f\libm.a(lib_a-s_atan.o)
                0x0000000000012ad8                atan
 .text.fabs     0x0000000000012e12        0x6 d:/mounriver_studio/toolchain/risc-v embedded gcc/bin/../lib/gcc/riscv-none-embed/8.2.0/../../../../riscv-none-embed/lib/rv32imafc/ilp32f\libm.a(lib_a-s_fabs.o)
                0x0000000000012e12                fabs
 .text.pow      0x0000000000012e18      0x324 d:/mounriver_studio/toolchain/risc-v embedded gcc/bin/../lib/gcc/riscv-none-embed/8.2.0/../../../../riscv-none-embed/lib/rv32imafc/ilp32f\libm.a(lib_a-w_pow.o)
                0x0000000000012e18                pow
 .text.__ieee754_pow
                0x000000000001313c      0xad6 d:/mounriver_studio/toolchain/risc-v embedded gcc/bin/../lib/gcc/riscv-none-embed/8.2.0/../../../../riscv-none-embed/lib/rv32imafc/ilp32f\libm.a(lib_a-e_pow.o)
                0x000000000001313c                __ieee754_pow
 .text.__ieee754_sqrt
                0x0000000000013c12      0x1d6 d:/mounriver_studio/toolchain/risc-v embedded gcc/bin/../lib/gcc/riscv-none-embed/8.2.0/../../../../riscv-none-embed/lib/rv32imafc/ilp32f\libm.a(lib_a-e_sqrt.o)
                0x0000000000013c12                __ieee754_sqrt
 .text.finite   0x0000000000013de8        0xe d:/mounriver_studio/toolchain/risc-v embedded gcc/bin/../lib/gcc/riscv-none-embed/8.2.0/../../../../riscv-none-embed/lib/rv32imafc/ilp32f\libm.a(lib_a-s_finite.o)
                0x0000000000013de8                finite
 .text.matherr  0x0000000000013df6        0x4 d:/mounriver_studio/toolchain/risc-v embedded gcc/bin/../lib/gcc/riscv-none-embed/8.2.0/../../../../riscv-none-embed/lib/rv32imafc/ilp32f\libm.a(lib_a-s_matherr.o)
                0x0000000000013df6                matherr
 .text.nan      0x0000000000013dfa        0xe d:/mounriver_studio/toolchain/risc-v embedded gcc/bin/../lib/gcc/riscv-none-embed/8.2.0/../../../../riscv-none-embed/lib/rv32imafc/ilp32f\libm.a(lib_a-s_nan.o)
                0x0000000000013dfa                nan
 .text.rint     0x0000000000013e08      0x18c d:/mounriver_studio/toolchain/risc-v embedded gcc/bin/../lib/gcc/riscv-none-embed/8.2.0/../../../../riscv-none-embed/lib/rv32imafc/ilp32f\libm.a(lib_a-s_rint.o)
                0x0000000000013e08                rint
 .text.scalbn   0x0000000000013f94      0x140 d:/mounriver_studio/toolchain/risc-v embedded gcc/bin/../lib/gcc/riscv-none-embed/8.2.0/../../../../riscv-none-embed/lib/rv32imafc/ilp32f\libm.a(lib_a-s_scalbn.o)
                0x0000000000013f94                scalbn
 .text.copysign
                0x00000000000140d4       0x16 d:/mounriver_studio/toolchain/risc-v embedded gcc/bin/../lib/gcc/riscv-none-embed/8.2.0/../../../../riscv-none-embed/lib/rv32imafc/ilp32f\libm.a(lib_a-s_copysign.o)
                0x00000000000140d4                copysign
 .text.mt9v03x_write_and_check_word_sccb
                0x00000000000140ea       0x92 C:\Users\Joker\Desktop\Æøµæ´¬2024.6.9\libraries\zf_device\libzf_device_config.a(zf_device_config.o)
 .text.mt9v03x_write_word_sccb
                0x000000000001417c       0x34 C:\Users\Joker\Desktop\Æøµæ´¬2024.6.9\libraries\zf_device\libzf_device_config.a(zf_device_config.o)
 .text.mt9v03x_read_word_sccb.constprop.0
                0x00000000000141b0       0x36 C:\Users\Joker\Desktop\Æøµæ´¬2024.6.9\libraries\zf_device\libzf_device_config.a(zf_device_config.o)
 .text.mt9v03x_sccb_check_id
                0x00000000000141e6       0x5e C:\Users\Joker\Desktop\Æøµæ´¬2024.6.9\libraries\zf_device\libzf_device_config.a(zf_device_config.o)
                0x00000000000141e6                mt9v03x_sccb_check_id
 .text.mt9v03x_sccb_set_config
                0x0000000000014244      0x5a2 C:\Users\Joker\Desktop\Æøµæ´¬2024.6.9\libraries\zf_device\libzf_device_config.a(zf_device_config.o)
                0x0000000000014244                mt9v03x_sccb_set_config
 .text.__adddf3
                0x00000000000147e6      0xa0e d:/mounriver_studio/toolchain/risc-v embedded gcc/bin/../lib/gcc/riscv-none-embed/8.2.0/rv32imafc/ilp32f\libgcc.a(adddf3.o)
                0x00000000000147e6                __adddf3
 .text.__divdf3
                0x00000000000151f4      0x7ea d:/mounriver_studio/toolchain/risc-v embedded gcc/bin/../lib/gcc/riscv-none-embed/8.2.0/rv32imafc/ilp32f\libgcc.a(divdf3.o)
                0x00000000000151f4                __divdf3
 .text.__eqdf2  0x00000000000159de       0x98 d:/mounriver_studio/toolchain/risc-v embedded gcc/bin/../lib/gcc/riscv-none-embed/8.2.0/rv32imafc/ilp32f\libgcc.a(eqdf2.o)
                0x00000000000159de                __nedf2
                0x00000000000159de                __eqdf2
 .text.__gedf2  0x0000000000015a76       0xb6 d:/mounriver_studio/toolchain/risc-v embedded gcc/bin/../lib/gcc/riscv-none-embed/8.2.0/rv32imafc/ilp32f\libgcc.a(gedf2.o)
                0x0000000000015a76                __gedf2
                0x0000000000015a76                __gtdf2
 .text.__ledf2  0x0000000000015b2c       0xb6 d:/mounriver_studio/toolchain/risc-v embedded gcc/bin/../lib/gcc/riscv-none-embed/8.2.0/rv32imafc/ilp32f\libgcc.a(ledf2.o)
                0x0000000000015b2c                __ledf2
                0x0000000000015b2c                __ltdf2
 .text.__muldf3
                0x0000000000015be2      0x656 d:/mounriver_studio/toolchain/risc-v embedded gcc/bin/../lib/gcc/riscv-none-embed/8.2.0/rv32imafc/ilp32f\libgcc.a(muldf3.o)
                0x0000000000015be2                __muldf3
 .text.__subdf3
                0x0000000000016238      0xa8c d:/mounriver_studio/toolchain/risc-v embedded gcc/bin/../lib/gcc/riscv-none-embed/8.2.0/rv32imafc/ilp32f\libgcc.a(subdf3.o)
                0x0000000000016238                __subdf3
 .text.__unorddf2
                0x0000000000016cc4       0x7c d:/mounriver_studio/toolchain/risc-v embedded gcc/bin/../lib/gcc/riscv-none-embed/8.2.0/rv32imafc/ilp32f\libgcc.a(unorddf2.o)
                0x0000000000016cc4                __unorddf2
 .text.__fixdfsi
                0x0000000000016d40       0xd8 d:/mounriver_studio/toolchain/risc-v embedded gcc/bin/../lib/gcc/riscv-none-embed/8.2.0/rv32imafc/ilp32f\libgcc.a(fixdfsi.o)
                0x0000000000016d40                __fixdfsi
 .text.__fixunsdfsi
                0x0000000000016e18       0x9e d:/mounriver_studio/toolchain/risc-v embedded gcc/bin/../lib/gcc/riscv-none-embed/8.2.0/rv32imafc/ilp32f\libgcc.a(fixunsdfsi.o)
                0x0000000000016e18                __fixunsdfsi
 .text.__floatsidf
                0x0000000000016eb6       0x70 d:/mounriver_studio/toolchain/risc-v embedded gcc/bin/../lib/gcc/riscv-none-embed/8.2.0/rv32imafc/ilp32f\libgcc.a(floatsidf.o)
                0x0000000000016eb6                __floatsidf
 .text.__floatunsidf
                0x0000000000016f26       0x66 d:/mounriver_studio/toolchain/risc-v embedded gcc/bin/../lib/gcc/riscv-none-embed/8.2.0/rv32imafc/ilp32f\libgcc.a(floatunsidf.o)
                0x0000000000016f26                __floatunsidf
 .text.__extendsfdf2
                0x0000000000016f8c       0xe8 d:/mounriver_studio/toolchain/risc-v embedded gcc/bin/../lib/gcc/riscv-none-embed/8.2.0/rv32imafc/ilp32f\libgcc.a(extendsfdf2.o)
                0x0000000000016f8c                __extendsfdf2
 .text.__truncdfsf2
                0x0000000000017074      0x31e d:/mounriver_studio/toolchain/risc-v embedded gcc/bin/../lib/gcc/riscv-none-embed/8.2.0/rv32imafc/ilp32f\libgcc.a(truncdfsf2.o)
                0x0000000000017074                __truncdfsf2
 .text.__clzsi2
                0x0000000000017392       0x76 d:/mounriver_studio/toolchain/risc-v embedded gcc/bin/../lib/gcc/riscv-none-embed/8.2.0/rv32imafc/ilp32f\libgcc.a(_clzsi2.o)
                0x0000000000017392                __clzsi2
 .text.__errno  0x0000000000017408        0x8 d:/mounriver_studio/toolchain/risc-v embedded gcc/bin/../lib/gcc/riscv-none-embed/8.2.0/../../../../riscv-none-embed/lib/rv32imafc/ilp32f\libg_nano.a(lib_a-errno.o)
                0x0000000000017408                __errno
 .text.malloc   0x0000000000017410        0xa d:/mounriver_studio/toolchain/risc-v embedded gcc/bin/../lib/gcc/riscv-none-embed/8.2.0/../../../../riscv-none-embed/lib/rv32imafc/ilp32f\libg_nano.a(lib_a-malloc.o)
                0x0000000000017410                malloc
 .text.free     0x000000000001741a        0xa d:/mounriver_studio/toolchain/risc-v embedded gcc/bin/../lib/gcc/riscv-none-embed/8.2.0/../../../../riscv-none-embed/lib/rv32imafc/ilp32f\libg_nano.a(lib_a-malloc.o)
                0x000000000001741a                free
 .text.memcpy   0x0000000000017424       0xb6 d:/mounriver_studio/toolchain/risc-v embedded gcc/bin/../lib/gcc/riscv-none-embed/8.2.0/../../../../riscv-none-embed/lib/rv32imafc/ilp32f\libg_nano.a(lib_a-memcpy.o)
                0x0000000000017424                memcpy
 .text._free_r  0x00000000000174da       0xa8 d:/mounriver_studio/toolchain/risc-v embedded gcc/bin/../lib/gcc/riscv-none-embed/8.2.0/../../../../riscv-none-embed/lib/rv32imafc/ilp32f\libg_nano.a(lib_a-nano-freer.o)
                0x00000000000174da                _free_r
 .text._malloc_r
                0x0000000000017582       0xda d:/mounriver_studio/toolchain/risc-v embedded gcc/bin/../lib/gcc/riscv-none-embed/8.2.0/../../../../riscv-none-embed/lib/rv32imafc/ilp32f\libg_nano.a(lib_a-nano-mallocr.o)
                0x0000000000017582                _malloc_r
 .text.__cvt    0x000000000001765c       0xee d:/mounriver_studio/toolchain/risc-v embedded gcc/bin/../lib/gcc/riscv-none-embed/8.2.0/../../../../riscv-none-embed/lib/rv32imafc/ilp32f\libg_nano.a(lib_a-nano-vfprintf_float.o)
                0x000000000001765c                __cvt
 .text.__exponent
                0x000000000001774a       0x8c d:/mounriver_studio/toolchain/risc-v embedded gcc/bin/../lib/gcc/riscv-none-embed/8.2.0/../../../../riscv-none-embed/lib/rv32imafc/ilp32f\libg_nano.a(lib_a-nano-vfprintf_float.o)
                0x000000000001774a                __exponent
 .text._printf_float
                0x00000000000177d6      0x4c4 d:/mounriver_studio/toolchain/risc-v embedded gcc/bin/../lib/gcc/riscv-none-embed/8.2.0/../../../../riscv-none-embed/lib/rv32imafc/ilp32f\libg_nano.a(lib_a-nano-vfprintf_float.o)
                0x00000000000177d6                _printf_float
 .text._printf_common
                0x0000000000017c9a      0x10c d:/mounriver_studio/toolchain/risc-v embedded gcc/bin/../lib/gcc/riscv-none-embed/8.2.0/../../../../riscv-none-embed/lib/rv32imafc/ilp32f\libg_nano.a(lib_a-nano-vfprintf_i.o)
                0x0000000000017c9a                _printf_common
 .text._printf_i
                0x0000000000017da6      0x2ac d:/mounriver_studio/toolchain/risc-v embedded gcc/bin/../lib/gcc/riscv-none-embed/8.2.0/../../../../riscv-none-embed/lib/rv32imafc/ilp32f\libg_nano.a(lib_a-nano-vfprintf_i.o)
                0x0000000000017da6                _printf_i
 .text.printf   0x0000000000018052       0x42 d:/mounriver_studio/toolchain/risc-v embedded gcc/bin/../lib/gcc/riscv-none-embed/8.2.0/../../../../riscv-none-embed/lib/rv32imafc/ilp32f\libg_nano.a(lib_a-printf.o)
                0x0000000000018052                iprintf
                0x0000000000018052                printf
 .text._sbrk_r  0x0000000000018094       0x32 d:/mounriver_studio/toolchain/risc-v embedded gcc/bin/../lib/gcc/riscv-none-embed/8.2.0/../../../../riscv-none-embed/lib/rv32imafc/ilp32f\libg_nano.a(lib_a-sbrkr.o)
                0x0000000000018094                _sbrk_r
 .text.sprintf  0x00000000000180c6       0x46 d:/mounriver_studio/toolchain/risc-v embedded gcc/bin/../lib/gcc/riscv-none-embed/8.2.0/../../../../riscv-none-embed/lib/rv32imafc/ilp32f\libg_nano.a(lib_a-sprintf.o)
                0x00000000000180c6                siprintf
                0x00000000000180c6                sprintf
 .text.strlen   0x000000000001810c       0x12 d:/mounriver_studio/toolchain/risc-v embedded gcc/bin/../lib/gcc/riscv-none-embed/8.2.0/../../../../riscv-none-embed/lib/rv32imafc/ilp32f\libg_nano.a(lib_a-strlen.o)
                0x000000000001810c                strlen
 .text.strncmp  0x000000000001811e       0x2c d:/mounriver_studio/toolchain/risc-v embedded gcc/bin/../lib/gcc/riscv-none-embed/8.2.0/../../../../riscv-none-embed/lib/rv32imafc/ilp32f\libg_nano.a(lib_a-strncmp.o)
                0x000000000001811e                strncmp
 .text._vsprintf_r
                0x000000000001814a       0x2e d:/mounriver_studio/toolchain/risc-v embedded gcc/bin/../lib/gcc/riscv-none-embed/8.2.0/../../../../riscv-none-embed/lib/rv32imafc/ilp32f\libg_nano.a(lib_a-vsprintf.o)
                0x000000000001814a                _vsprintf_r
                0x000000000001814a                _vsiprintf_r
 .text.vsprintf
                0x0000000000018178       0x10 d:/mounriver_studio/toolchain/risc-v embedded gcc/bin/../lib/gcc/riscv-none-embed/8.2.0/../../../../riscv-none-embed/lib/rv32imafc/ilp32f\libg_nano.a(lib_a-vsprintf.o)
                0x0000000000018178                vsiprintf
                0x0000000000018178                vsprintf
 .text.quorem   0x0000000000018188      0x13a d:/mounriver_studio/toolchain/risc-v embedded gcc/bin/../lib/gcc/riscv-none-embed/8.2.0/../../../../riscv-none-embed/lib/rv32imafc/ilp32f\libg_nano.a(lib_a-dtoa.o)
 .text._dtoa_r  0x00000000000182c2      0xbea d:/mounriver_studio/toolchain/risc-v embedded gcc/bin/../lib/gcc/riscv-none-embed/8.2.0/../../../../riscv-none-embed/lib/rv32imafc/ilp32f\libg_nano.a(lib_a-dtoa.o)
                0x00000000000182c2                _dtoa_r
 .text.std      0x0000000000018eac       0x6a d:/mounriver_studio/toolchain/risc-v embedded gcc/bin/../lib/gcc/riscv-none-embed/8.2.0/../../../../riscv-none-embed/lib/rv32imafc/ilp32f\libg_nano.a(lib_a-findfp.o)
 .text._cleanup_r
                0x0000000000018f16        0xa d:/mounriver_studio/toolchain/risc-v embedded gcc/bin/../lib/gcc/riscv-none-embed/8.2.0/../../../../riscv-none-embed/lib/rv32imafc/ilp32f\libg_nano.a(lib_a-findfp.o)
                0x0000000000018f16                _cleanup_r
 .text.__sfmoreglue
                0x0000000000018f20       0x48 d:/mounriver_studio/toolchain/risc-v embedded gcc/bin/../lib/gcc/riscv-none-embed/8.2.0/../../../../riscv-none-embed/lib/rv32imafc/ilp32f\libg_nano.a(lib_a-findfp.o)
                0x0000000000018f20                __sfmoreglue
 .text.__sinit  0x0000000000018f68       0x6c d:/mounriver_studio/toolchain/risc-v embedded gcc/bin/../lib/gcc/riscv-none-embed/8.2.0/../../../../riscv-none-embed/lib/rv32imafc/ilp32f\libg_nano.a(lib_a-findfp.o)
                0x0000000000018f68                __sinit
 .text.__sfp    0x0000000000018fd4       0xa0 d:/mounriver_studio/toolchain/risc-v embedded gcc/bin/../lib/gcc/riscv-none-embed/8.2.0/../../../../riscv-none-embed/lib/rv32imafc/ilp32f\libg_nano.a(lib_a-findfp.o)
                0x0000000000018fd4                __sfp
 .text._fwalk_reent
                0x0000000000019074       0x6c d:/mounriver_studio/toolchain/risc-v embedded gcc/bin/../lib/gcc/riscv-none-embed/8.2.0/../../../../riscv-none-embed/lib/rv32imafc/ilp32f\libg_nano.a(lib_a-fwalk.o)
                0x0000000000019074                _fwalk_reent
 .text._localeconv_r
                0x00000000000190e0       0x18 d:/mounriver_studio/toolchain/risc-v embedded gcc/bin/../lib/gcc/riscv-none-embed/8.2.0/../../../../riscv-none-embed/lib/rv32imafc/ilp32f\libg_nano.a(lib_a-localeconv.o)
                0x00000000000190e0                _localeconv_r
 .text.memchr   0x00000000000190f8       0x1a d:/mounriver_studio/toolchain/risc-v embedded gcc/bin/../lib/gcc/riscv-none-embed/8.2.0/../../../../riscv-none-embed/lib/rv32imafc/ilp32f\libg_nano.a(lib_a-memchr.o)
                0x00000000000190f8                memchr
 .text.__malloc_lock
                0x0000000000019112        0x2 d:/mounriver_studio/toolchain/risc-v embedded gcc/bin/../lib/gcc/riscv-none-embed/8.2.0/../../../../riscv-none-embed/lib/rv32imafc/ilp32f\libg_nano.a(lib_a-mlock.o)
                0x0000000000019112                __malloc_lock
 .text.__malloc_unlock
                0x0000000000019114        0x2 d:/mounriver_studio/toolchain/risc-v embedded gcc/bin/../lib/gcc/riscv-none-embed/8.2.0/../../../../riscv-none-embed/lib/rv32imafc/ilp32f\libg_nano.a(lib_a-mlock.o)
                0x0000000000019114                __malloc_unlock
 .text._Balloc  0x0000000000019116       0x88 d:/mounriver_studio/toolchain/risc-v embedded gcc/bin/../lib/gcc/riscv-none-embed/8.2.0/../../../../riscv-none-embed/lib/rv32imafc/ilp32f\libg_nano.a(lib_a-mprec.o)
                0x0000000000019116                _Balloc
 .text._Bfree   0x000000000001919e       0x44 d:/mounriver_studio/toolchain/risc-v embedded gcc/bin/../lib/gcc/riscv-none-embed/8.2.0/../../../../riscv-none-embed/lib/rv32imafc/ilp32f\libg_nano.a(lib_a-mprec.o)
                0x000000000001919e                _Bfree
 .text.__multadd
                0x00000000000191e2       0x98 d:/mounriver_studio/toolchain/risc-v embedded gcc/bin/../lib/gcc/riscv-none-embed/8.2.0/../../../../riscv-none-embed/lib/rv32imafc/ilp32f\libg_nano.a(lib_a-mprec.o)
                0x00000000000191e2                __multadd
 .text.__hi0bits
                0x000000000001927a       0x46 d:/mounriver_studio/toolchain/risc-v embedded gcc/bin/../lib/gcc/riscv-none-embed/8.2.0/../../../../riscv-none-embed/lib/rv32imafc/ilp32f\libg_nano.a(lib_a-mprec.o)
                0x000000000001927a                __hi0bits
 .text.__lo0bits
                0x00000000000192c0       0x6a d:/mounriver_studio/toolchain/risc-v embedded gcc/bin/../lib/gcc/riscv-none-embed/8.2.0/../../../../riscv-none-embed/lib/rv32imafc/ilp32f\libg_nano.a(lib_a-mprec.o)
                0x00000000000192c0                __lo0bits
 .text.__i2b    0x000000000001932a       0x1c d:/mounriver_studio/toolchain/risc-v embedded gcc/bin/../lib/gcc/riscv-none-embed/8.2.0/../../../../riscv-none-embed/lib/rv32imafc/ilp32f\libg_nano.a(lib_a-mprec.o)
                0x000000000001932a                __i2b
 .text.__multiply
                0x0000000000019346      0x144 d:/mounriver_studio/toolchain/risc-v embedded gcc/bin/../lib/gcc/riscv-none-embed/8.2.0/../../../../riscv-none-embed/lib/rv32imafc/ilp32f\libg_nano.a(lib_a-mprec.o)
                0x0000000000019346                __multiply
 .text.__pow5mult
                0x000000000001948a       0xbe d:/mounriver_studio/toolchain/risc-v embedded gcc/bin/../lib/gcc/riscv-none-embed/8.2.0/../../../../riscv-none-embed/lib/rv32imafc/ilp32f\libg_nano.a(lib_a-mprec.o)
                0x000000000001948a                __pow5mult
 .text.__lshift
                0x0000000000019548       0xce d:/mounriver_studio/toolchain/risc-v embedded gcc/bin/../lib/gcc/riscv-none-embed/8.2.0/../../../../riscv-none-embed/lib/rv32imafc/ilp32f\libg_nano.a(lib_a-mprec.o)
                0x0000000000019548                __lshift
 .text.__mcmp   0x0000000000019616       0x32 d:/mounriver_studio/toolchain/risc-v embedded gcc/bin/../lib/gcc/riscv-none-embed/8.2.0/../../../../riscv-none-embed/lib/rv32imafc/ilp32f\libg_nano.a(lib_a-mprec.o)
                0x0000000000019616                __mcmp
 .text.__mdiff  0x0000000000019648       0xf2 d:/mounriver_studio/toolchain/risc-v embedded gcc/bin/../lib/gcc/riscv-none-embed/8.2.0/../../../../riscv-none-embed/lib/rv32imafc/ilp32f\libg_nano.a(lib_a-mprec.o)
                0x0000000000019648                __mdiff
 .text.__d2b    0x000000000001973a       0xd4 d:/mounriver_studio/toolchain/risc-v embedded gcc/bin/../lib/gcc/riscv-none-embed/8.2.0/../../../../riscv-none-embed/lib/rv32imafc/ilp32f\libg_nano.a(lib_a-mprec.o)
                0x000000000001973a                __d2b
 .text._calloc_r
                0x000000000001980e       0x28 d:/mounriver_studio/toolchain/risc-v embedded gcc/bin/../lib/gcc/riscv-none-embed/8.2.0/../../../../riscv-none-embed/lib/rv32imafc/ilp32f\libg_nano.a(lib_a-nano-callocr.o)
                0x000000000001980e                _calloc_r
 .text.__ssputs_r
                0x0000000000019836       0xee d:/mounriver_studio/toolchain/risc-v embedded gcc/bin/../lib/gcc/riscv-none-embed/8.2.0/../../../../riscv-none-embed/lib/rv32imafc/ilp32f\libg_nano.a(lib_a-nano-svfprintf.o)
                0x0000000000019836                __ssputs_r
 .text._svfprintf_r
                0x0000000000019924      0x27e d:/mounriver_studio/toolchain/risc-v embedded gcc/bin/../lib/gcc/riscv-none-embed/8.2.0/../../../../riscv-none-embed/lib/rv32imafc/ilp32f\libg_nano.a(lib_a-nano-svfprintf.o)
                0x0000000000019924                _svfiprintf_r
                0x0000000000019924                _svfprintf_r
 .text.__sfputc_r
                0x0000000000019ba2       0x28 d:/mounriver_studio/toolchain/risc-v embedded gcc/bin/../lib/gcc/riscv-none-embed/8.2.0/../../../../riscv-none-embed/lib/rv32imafc/ilp32f\libg_nano.a(lib_a-nano-vfprintf.o)
 .text.__sfputs_r
                0x0000000000019bca       0x44 d:/mounriver_studio/toolchain/risc-v embedded gcc/bin/../lib/gcc/riscv-none-embed/8.2.0/../../../../riscv-none-embed/lib/rv32imafc/ilp32f\libg_nano.a(lib_a-nano-vfprintf.o)
                0x0000000000019bca                __sfputs_r
 .text._vfprintf_r
                0x0000000000019c0e      0x29e d:/mounriver_studio/toolchain/risc-v embedded gcc/bin/../lib/gcc/riscv-none-embed/8.2.0/../../../../riscv-none-embed/lib/rv32imafc/ilp32f\libg_nano.a(lib_a-nano-vfprintf.o)
                0x0000000000019c0e                _vfprintf_r
                0x0000000000019c0e                _vfiprintf_r
 .text.__sread  0x0000000000019eac       0x30 d:/mounriver_studio/toolchain/risc-v embedded gcc/bin/../lib/gcc/riscv-none-embed/8.2.0/../../../../riscv-none-embed/lib/rv32imafc/ilp32f\libg_nano.a(lib_a-stdio.o)
                0x0000000000019eac                __sread
 .text.__swrite
                0x0000000000019edc       0x4e d:/mounriver_studio/toolchain/risc-v embedded gcc/bin/../lib/gcc/riscv-none-embed/8.2.0/../../../../riscv-none-embed/lib/rv32imafc/ilp32f\libg_nano.a(lib_a-stdio.o)
                0x0000000000019edc                __swrite
 .text.__sseek  0x0000000000019f2a       0x36 d:/mounriver_studio/toolchain/risc-v embedded gcc/bin/../lib/gcc/riscv-none-embed/8.2.0/../../../../riscv-none-embed/lib/rv32imafc/ilp32f\libg_nano.a(lib_a-stdio.o)
                0x0000000000019f2a                __sseek
 .text.__sclose
                0x0000000000019f60        0x6 d:/mounriver_studio/toolchain/risc-v embedded gcc/bin/../lib/gcc/riscv-none-embed/8.2.0/../../../../riscv-none-embed/lib/rv32imafc/ilp32f\libg_nano.a(lib_a-stdio.o)
                0x0000000000019f60                __sclose
 .text.__swbuf_r
                0x0000000000019f66       0xc2 d:/mounriver_studio/toolchain/risc-v embedded gcc/bin/../lib/gcc/riscv-none-embed/8.2.0/../../../../riscv-none-embed/lib/rv32imafc/ilp32f\libg_nano.a(lib_a-wbuf.o)
                0x0000000000019f66                __swbuf_r
 .text._write_r
                0x000000000001a028       0x36 d:/mounriver_studio/toolchain/risc-v embedded gcc/bin/../lib/gcc/riscv-none-embed/8.2.0/../../../../riscv-none-embed/lib/rv32imafc/ilp32f\libg_nano.a(lib_a-writer.o)
                0x000000000001a028                _write_r
 .text.__swsetup_r
                0x000000000001a05e      0x110 d:/mounriver_studio/toolchain/risc-v embedded gcc/bin/../lib/gcc/riscv-none-embed/8.2.0/../../../../riscv-none-embed/lib/rv32imafc/ilp32f\libg_nano.a(lib_a-wsetup.o)
                0x000000000001a05e                __swsetup_r
 .text._close_r
                0x000000000001a16e       0x32 d:/mounriver_studio/toolchain/risc-v embedded gcc/bin/../lib/gcc/riscv-none-embed/8.2.0/../../../../riscv-none-embed/lib/rv32imafc/ilp32f\libg_nano.a(lib_a-closer.o)
                0x000000000001a16e                _close_r
 .text.__sflush_r
                0x000000000001a1a0      0x13e d:/mounriver_studio/toolchain/risc-v embedded gcc/bin/../lib/gcc/riscv-none-embed/8.2.0/../../../../riscv-none-embed/lib/rv32imafc/ilp32f\libg_nano.a(lib_a-fflush.o)
                0x000000000001a1a0                __sflush_r
 .text._fflush_r
                0x000000000001a2de       0x68 d:/mounriver_studio/toolchain/risc-v embedded gcc/bin/../lib/gcc/riscv-none-embed/8.2.0/../../../../riscv-none-embed/lib/rv32imafc/ilp32f\libg_nano.a(lib_a-fflush.o)
                0x000000000001a2de                _fflush_r
 .text._lseek_r
                0x000000000001a346       0x34 d:/mounriver_studio/toolchain/risc-v embedded gcc/bin/../lib/gcc/riscv-none-embed/8.2.0/../../../../riscv-none-embed/lib/rv32imafc/ilp32f\libg_nano.a(lib_a-lseekr.o)
                0x000000000001a346                _lseek_r
 .text.__swhatbuf_r
                0x000000000001a37a       0x58 d:/mounriver_studio/toolchain/risc-v embedded gcc/bin/../lib/gcc/riscv-none-embed/8.2.0/../../../../riscv-none-embed/lib/rv32imafc/ilp32f\libg_nano.a(lib_a-makebuf.o)
                0x000000000001a37a                __swhatbuf_r
 .text.__smakebuf_r
                0x000000000001a3d2       0xa0 d:/mounriver_studio/toolchain/risc-v embedded gcc/bin/../lib/gcc/riscv-none-embed/8.2.0/../../../../riscv-none-embed/lib/rv32imafc/ilp32f\libg_nano.a(lib_a-makebuf.o)
                0x000000000001a3d2                __smakebuf_r
 .text.__ascii_mbtowc
                0x000000000001a472       0x3a d:/mounriver_studio/toolchain/risc-v embedded gcc/bin/../lib/gcc/riscv-none-embed/8.2.0/../../../../riscv-none-embed/lib/rv32imafc/ilp32f\libg_nano.a(lib_a-mbtowc_r.o)
                0x000000000001a472                __ascii_mbtowc
 .text.memmove  0x000000000001a4ac       0x4a d:/mounriver_studio/toolchain/risc-v embedded gcc/bin/../lib/gcc/riscv-none-embed/8.2.0/../../../../riscv-none-embed/lib/rv32imafc/ilp32f\libg_nano.a(lib_a-memmove.o)
                0x000000000001a4ac                memmove
 .text._realloc_r
                0x000000000001a4f6       0x58 d:/mounriver_studio/toolchain/risc-v embedded gcc/bin/../lib/gcc/riscv-none-embed/8.2.0/../../../../riscv-none-embed/lib/rv32imafc/ilp32f\libg_nano.a(lib_a-nano-reallocr.o)
                0x000000000001a4f6                _realloc_r
 .text._read_r  0x000000000001a54e       0x34 d:/mounriver_studio/toolchain/risc-v embedded gcc/bin/../lib/gcc/riscv-none-embed/8.2.0/../../../../riscv-none-embed/lib/rv32imafc/ilp32f\libg_nano.a(lib_a-readr.o)
                0x000000000001a54e                _read_r
 .text.__ascii_wctomb
                0x000000000001a582       0x20 d:/mounriver_studio/toolchain/risc-v embedded gcc/bin/../lib/gcc/riscv-none-embed/8.2.0/../../../../riscv-none-embed/lib/rv32imafc/ilp32f\libg_nano.a(lib_a-wctomb_r.o)
                0x000000000001a582                __ascii_wctomb
 .text._fstat_r
                0x000000000001a5a2       0x32 d:/mounriver_studio/toolchain/risc-v embedded gcc/bin/../lib/gcc/riscv-none-embed/8.2.0/../../../../riscv-none-embed/lib/rv32imafc/ilp32f\libg_nano.a(lib_a-fstatr.o)
                0x000000000001a5a2                _fstat_r
 .text._isatty_r
                0x000000000001a5d4       0x30 d:/mounriver_studio/toolchain/risc-v embedded gcc/bin/../lib/gcc/riscv-none-embed/8.2.0/../../../../riscv-none-embed/lib/rv32imafc/ilp32f\libg_nano.a(lib_a-isattyr.o)
                0x000000000001a5d4                _isatty_r
 .text._malloc_usable_size_r
                0x000000000001a604       0x14 d:/mounriver_studio/toolchain/risc-v embedded gcc/bin/../lib/gcc/riscv-none-embed/8.2.0/../../../../riscv-none-embed/lib/rv32imafc/ilp32f\libg_nano.a(lib_a-nano-msizer.o)
                0x000000000001a604                _malloc_usable_size_r
 .text.__trunctfdf2
                0x000000000001a618      0x3d0 d:/mounriver_studio/toolchain/risc-v embedded gcc/bin/../lib/gcc/riscv-none-embed/8.2.0/rv32imafc/ilp32f\libgcc.a(trunctfdf2.o)
                0x000000000001a618                __trunctfdf2
 .text._close   0x000000000001a9e8       0x10 d:/mounriver_studio/toolchain/risc-v embedded gcc/bin/../lib/gcc/riscv-none-embed/8.2.0/../../../../riscv-none-embed/lib/rv32imafc/ilp32f\libnosys.a(close.o)
                0x000000000001a9e8                _close
 .text._fstat   0x000000000001a9f8       0x10 d:/mounriver_studio/toolchain/risc-v embedded gcc/bin/../lib/gcc/riscv-none-embed/8.2.0/../../../../riscv-none-embed/lib/rv32imafc/ilp32f\libnosys.a(fstat.o)
                0x000000000001a9f8                _fstat
 .text._isatty  0x000000000001aa08       0x10 d:/mounriver_studio/toolchain/risc-v embedded gcc/bin/../lib/gcc/riscv-none-embed/8.2.0/../../../../riscv-none-embed/lib/rv32imafc/ilp32f\libnosys.a(isatty.o)
                0x000000000001aa08                _isatty
 .text._lseek   0x000000000001aa18       0x10 d:/mounriver_studio/toolchain/risc-v embedded gcc/bin/../lib/gcc/riscv-none-embed/8.2.0/../../../../riscv-none-embed/lib/rv32imafc/ilp32f\libnosys.a(lseek.o)
                0x000000000001aa18                _lseek
 .text._read    0x000000000001aa28       0x10 d:/mounriver_studio/toolchain/risc-v embedded gcc/bin/../lib/gcc/riscv-none-embed/8.2.0/../../../../riscv-none-embed/lib/rv32imafc/ilp32f\libnosys.a(read.o)
                0x000000000001aa28                _read
 .text._sbrk    0x000000000001aa38       0x24 d:/mounriver_studio/toolchain/risc-v embedded gcc/bin/../lib/gcc/riscv-none-embed/8.2.0/../../../../riscv-none-embed/lib/rv32imafc/ilp32f\libnosys.a(sbrk.o)
                0x000000000001aa38                _sbrk
 *(.rodata)
 .rodata        0x000000000001aa5c       0x4e ./zf_driver/zf_driver_encoder.o
 *fill*         0x000000000001aaaa        0x2 
 .rodata        0x000000000001aaac       0x72 ./zf_driver/zf_driver_pit.o
 *fill*         0x000000000001ab1e        0x2 
 .rodata        0x000000000001ab20       0x4a ./zf_driver/zf_driver_pwm.o
 *fill*         0x000000000001ab6a        0x2 
 .rodata        0x000000000001ab6c       0x4f ./zf_driver/zf_driver_soft_iic.o
 *fill*         0x000000000001abbb        0x1 
 .rodata        0x000000000001abbc       0x4a ./zf_driver/zf_driver_spi.o
 *fill*         0x000000000001ac06        0x2 
 .rodata        0x000000000001ac08       0x4b ./zf_driver/zf_driver_uart.o
 *fill*         0x000000000001ac53        0x5 
 .rodata        0x000000000001ac58        0x8 ./zf_device/zf_device_dm1xa.o
 .rodata        0x000000000001ac60       0xf0 ./zf_device/zf_device_gnss.o
 .rodata        0x000000000001ad50       0xa4 ./zf_device/zf_device_imu963ra.o
 *fill*         0x000000000001adf4        0x4 
 .rodata        0x000000000001adf8       0x60 ./zf_device/zf_device_ips200.o
 .rodata        0x000000000001ae58       0x4a ./zf_device/zf_device_key.o
 *fill*         0x000000000001aea2        0x2 
 .rodata        0x000000000001aea4      0x108 ./zf_device/zf_device_mt9v03x_dvp.o
 .rodata        0x000000000001afac       0x54 ./zf_device/zf_device_wireless_uart.o
 .rodata        0x000000000001b000       0x78 ./zf_common/zf_common_debug.o
 .rodata        0x000000000001b078       0x4b ./zf_common/zf_common_fifo.o
 *fill*         0x000000000001b0c3        0x5 
 .rodata        0x000000000001b0c8       0x90 ./zf_common/zf_common_function.o
 .rodata        0x000000000001b158       0x28 ./user_c/main.o
 .rodata        0x000000000001b180       0x41 ./sdk/Peripheral/ch32v30x_usbotg_device.o
 *fill*         0x000000000001b1c1        0x3 
 .rodata        0x000000000001b1c4       0x38 ./code/CUG_Init.o
 *fill*         0x000000000001b1fc        0x4 
 .rodata        0x000000000001b200       0x64 ./code/Image_Elements.o
 *fill*         0x000000000001b264        0x4 
 .rodata        0x000000000001b268       0x1c ./code/Image_Process.o
 .rodata        0x000000000001b284       0xc8 ./code/Menu.o
 .rodata        0x000000000001b34c       0x10 ./code/Speed_Judge.o
 .rodata        0x000000000001b35c        0x8 ./code/motor.o
 *(.rodata*)
 .rodata.encoder_get_count
                0x000000000001b364       0x28 ./zf_driver/zf_driver_encoder.o
 .rodata.encoder_clear_count
                0x000000000001b38c       0x28 ./zf_driver/zf_driver_encoder.o
 .rodata.encoder_dir_init
                0x000000000001b3b4       0x28 ./zf_driver/zf_driver_encoder.o
 .rodata.pit_init
                0x000000000001b3dc       0x28 ./zf_driver/zf_driver_pit.o
 .rodata.pwm_set_duty
                0x000000000001b404       0x28 ./zf_driver/zf_driver_pwm.o
 .rodata.pwm_init
                0x000000000001b42c       0x28 ./zf_driver/zf_driver_pwm.o
 .rodata.spi_index
                0x000000000001b454        0xc ./zf_driver/zf_driver_spi.o
                0x000000000001b454                spi_index
 .rodata.timer_get
                0x000000000001b460       0x28 ./zf_driver/zf_driver_timer.o
 .rodata.timer_clear
                0x000000000001b488       0x28 ./zf_driver/zf_driver_timer.o
 .rodata.uart_index
                0x000000000001b4b0       0x20 ./zf_driver/zf_driver_uart.o
                0x000000000001b4b0                uart_index
 .rodata.key_index
                0x000000000001b4d0       0x10 ./zf_device/zf_device_key.o
 .rodata.ascii_font_8x16
                0x000000000001b4e0      0x5f0 ./zf_common/zf_common_font.o
                0x000000000001b4e0                ascii_font_8x16
 .rodata.ascii_font_6x8
                0x000000000001bad0      0x228 ./zf_common/zf_common_font.o
                0x000000000001bad0                ascii_font_6x8
 .rodata.MyDevDescrHD
                0x000000000001bcf8       0x12 ./sdk/Peripheral/ch32v30x_usbotg_device.o
                0x000000000001bcf8                MyDevDescrHD
 *fill*         0x000000000001bd0a        0x2 
 .rodata.MyCfgDescrHD
                0x000000000001bd0c       0x43 ./sdk/Peripheral/ch32v30x_usbotg_device.o
                0x000000000001bd0c                MyCfgDescrHD
 *fill*         0x000000000001bd4f        0x1 
 .rodata.MyReportDescHD
                0x000000000001bd50       0x14 ./sdk/Peripheral/ch32v30x_usbotg_device.o
                0x000000000001bd50                MyReportDescHD
 .rodata.MyManuInfoHD
                0x000000000001bd64        0xe ./sdk/Peripheral/ch32v30x_usbotg_device.o
                0x000000000001bd64                MyManuInfoHD
 *fill*         0x000000000001bd72        0x2 
 .rodata.MyProdInfoHD
                0x000000000001bd74        0xc ./sdk/Peripheral/ch32v30x_usbotg_device.o
                0x000000000001bd74                MyProdInfoHD
 .rodata.MySerNumInfoHD
                0x000000000001bd80       0x16 ./sdk/Peripheral/ch32v30x_usbotg_device.o
                0x000000000001bd80                MySerNumInfoHD
 *fill*         0x000000000001bd96        0x2 
 .rodata.MyUSBQUADescHD
                0x000000000001bd98        0xa ./sdk/Peripheral/ch32v30x_usbotg_device.o
                0x000000000001bd98                MyUSBQUADescHD
 *fill*         0x000000000001bda2        0x2 
 .rodata.OTG_FS_IRQHandler
                0x000000000001bda4       0xbc ./sdk/Peripheral/ch32v30x_usbotg_device.o
 .rodata.Huandao_L_Handler
                0x000000000001be60       0x20 ./code/Image_Elements.o
 .rodata.Huandao_R_Handler
                0x000000000001be80       0x20 ./code/Image_Elements.o
 .rodata.Menu_Display
                0x000000000001bea0       0x28 ./code/Menu.o
 .rodata.atan.cst8
                0x000000000001bec8       0x90 d:/mounriver_studio/toolchain/risc-v embedded gcc/bin/../lib/gcc/riscv-none-embed/8.2.0/../../../../riscv-none-embed/lib/rv32imafc/ilp32f\libm.a(lib_a-s_atan.o)
 .rodata.atanhi
                0x000000000001bf58       0x20 d:/mounriver_studio/toolchain/risc-v embedded gcc/bin/../lib/gcc/riscv-none-embed/8.2.0/../../../../riscv-none-embed/lib/rv32imafc/ilp32f\libm.a(lib_a-s_atan.o)
 .rodata.atanlo
                0x000000000001bf78       0x20 d:/mounriver_studio/toolchain/risc-v embedded gcc/bin/../lib/gcc/riscv-none-embed/8.2.0/../../../../riscv-none-embed/lib/rv32imafc/ilp32f\libm.a(lib_a-s_atan.o)
 .rodata.pow.cst8
                0x000000000001bf98       0x28 d:/mounriver_studio/toolchain/risc-v embedded gcc/bin/../lib/gcc/riscv-none-embed/8.2.0/../../../../riscv-none-embed/lib/rv32imafc/ilp32f\libm.a(lib_a-w_pow.o)
                                         0x30 (size before relaxing)
 .rodata.pow.str1.4
                0x000000000001bfc0        0x4 d:/mounriver_studio/toolchain/risc-v embedded gcc/bin/../lib/gcc/riscv-none-embed/8.2.0/../../../../riscv-none-embed/lib/rv32imafc/ilp32f\libm.a(lib_a-w_pow.o)
 *fill*         0x000000000001bfc4        0x4 
 .rodata.__ieee754_pow.cst8
                0x000000000001bfc8       0xe0 d:/mounriver_studio/toolchain/risc-v embedded gcc/bin/../lib/gcc/riscv-none-embed/8.2.0/../../../../riscv-none-embed/lib/rv32imafc/ilp32f\libm.a(lib_a-e_pow.o)
                                        0x110 (size before relaxing)
 .rodata.__ieee754_pow.str1.4
                0x000000000001c0a8        0x4 d:/mounriver_studio/toolchain/risc-v embedded gcc/bin/../lib/gcc/riscv-none-embed/8.2.0/../../../../riscv-none-embed/lib/rv32imafc/ilp32f\libm.a(lib_a-e_pow.o)
                                          0x1 (size before relaxing)
 .rodata.nan.cst8
                0x000000000001c0a8        0x8 d:/mounriver_studio/toolchain/risc-v embedded gcc/bin/../lib/gcc/riscv-none-embed/8.2.0/../../../../riscv-none-embed/lib/rv32imafc/ilp32f\libm.a(lib_a-s_nan.o)
 .rodata.TWO52  0x000000000001c0b0       0x10 d:/mounriver_studio/toolchain/risc-v embedded gcc/bin/../lib/gcc/riscv-none-embed/8.2.0/../../../../riscv-none-embed/lib/rv32imafc/ilp32f\libm.a(lib_a-s_rint.o)
 .rodata.scalbn.cst8
                0x000000000001c0c0       0x10 d:/mounriver_studio/toolchain/risc-v embedded gcc/bin/../lib/gcc/riscv-none-embed/8.2.0/../../../../riscv-none-embed/lib/rv32imafc/ilp32f\libm.a(lib_a-s_scalbn.o)
                                         0x20 (size before relaxing)
 .rodata.__divdf3
                0x000000000001c0d0       0x40 d:/mounriver_studio/toolchain/risc-v embedded gcc/bin/../lib/gcc/riscv-none-embed/8.2.0/rv32imafc/ilp32f\libgcc.a(divdf3.o)
 .rodata.__muldf3
                0x000000000001c110       0x40 d:/mounriver_studio/toolchain/risc-v embedded gcc/bin/../lib/gcc/riscv-none-embed/8.2.0/rv32imafc/ilp32f\libgcc.a(muldf3.o)
 .rodata.__clz_tab
                0x000000000001c150      0x100 d:/mounriver_studio/toolchain/risc-v embedded gcc/bin/../lib/gcc/riscv-none-embed/8.2.0/rv32imafc/ilp32f\libgcc.a(_clz.o)
                0x000000000001c150                __clz_tab
 .rodata._printf_float.cst8
                0x000000000001c250        0x8 d:/mounriver_studio/toolchain/risc-v embedded gcc/bin/../lib/gcc/riscv-none-embed/8.2.0/../../../../riscv-none-embed/lib/rv32imafc/ilp32f\libg_nano.a(lib_a-nano-vfprintf_float.o)
 .rodata._printf_float.str1.4
                0x000000000001c258       0x12 d:/mounriver_studio/toolchain/risc-v embedded gcc/bin/../lib/gcc/riscv-none-embed/8.2.0/../../../../riscv-none-embed/lib/rv32imafc/ilp32f\libg_nano.a(lib_a-nano-vfprintf_float.o)
 *fill*         0x000000000001c26a        0x2 
 .rodata._printf_i.str1.4
                0x000000000001c26c       0x25 d:/mounriver_studio/toolchain/risc-v embedded gcc/bin/../lib/gcc/riscv-none-embed/8.2.0/../../../../riscv-none-embed/lib/rv32imafc/ilp32f\libg_nano.a(lib_a-nano-vfprintf_i.o)
 *fill*         0x000000000001c291        0x7 
 .rodata._dtoa_r.cst8
                0x000000000001c298       0x30 d:/mounriver_studio/toolchain/risc-v embedded gcc/bin/../lib/gcc/riscv-none-embed/8.2.0/../../../../riscv-none-embed/lib/rv32imafc/ilp32f\libg_nano.a(lib_a-dtoa.o)
                                         0x48 (size before relaxing)
 .rodata._dtoa_r.str1.4
                0x000000000001c2c8       0x10 d:/mounriver_studio/toolchain/risc-v embedded gcc/bin/../lib/gcc/riscv-none-embed/8.2.0/../../../../riscv-none-embed/lib/rv32imafc/ilp32f\libg_nano.a(lib_a-dtoa.o)
                                         0x12 (size before relaxing)
 .rodata.__sf_fake_stderr
                0x000000000001c2d8       0x20 d:/mounriver_studio/toolchain/risc-v embedded gcc/bin/../lib/gcc/riscv-none-embed/8.2.0/../../../../riscv-none-embed/lib/rv32imafc/ilp32f\libg_nano.a(lib_a-findfp.o)
                0x000000000001c2d8                __sf_fake_stderr
 .rodata.__sf_fake_stdin
                0x000000000001c2f8       0x20 d:/mounriver_studio/toolchain/risc-v embedded gcc/bin/../lib/gcc/riscv-none-embed/8.2.0/../../../../riscv-none-embed/lib/rv32imafc/ilp32f\libg_nano.a(lib_a-findfp.o)
                0x000000000001c2f8                __sf_fake_stdin
 .rodata.__sf_fake_stdout
                0x000000000001c318       0x20 d:/mounriver_studio/toolchain/risc-v embedded gcc/bin/../lib/gcc/riscv-none-embed/8.2.0/../../../../riscv-none-embed/lib/rv32imafc/ilp32f\libg_nano.a(lib_a-findfp.o)
                0x000000000001c318                __sf_fake_stdout
 .rodata.__mprec_bigtens
                0x000000000001c338       0x28 d:/mounriver_studio/toolchain/risc-v embedded gcc/bin/../lib/gcc/riscv-none-embed/8.2.0/../../../../riscv-none-embed/lib/rv32imafc/ilp32f\libg_nano.a(lib_a-mprec.o)
                0x000000000001c338                __mprec_bigtens
 .rodata.__mprec_tens